Component: ARM Compiler 5.06 update 7 (build 960) Tool: armlink [4d3601]

==============================================================================

Section Cross References

    cm0dsasm.o(STACK) refers (Special) to heapauxi.o(.text) for __use_two_region_memory
    cm0dsasm.o(HEAP) refers (Special) to heapauxi.o(.text) for __use_two_region_memory
    cm0dsasm.o(RESET) refers (Special) to heapauxi.o(.text) for __use_two_region_memory
    cm0dsasm.o(RESET) refers to cm0dsasm.o(.text) for Reset_Handler
    cm0dsasm.o(.text) refers (Special) to heapauxi.o(.text) for __use_two_region_memory
    cm0dsasm.o(.text) refers to newmain.o(.text) for Timer_ISR
    cm0dsasm.o(.text) refers to __main.o(!!!main) for __main
    cm0dsasm.o(.text) refers to cm0dsasm.o(HEAP) for Heap_Mem
    cm0dsasm.o(.text) refers to cm0dsasm.o(STACK) for Stack_Mem
    edk_api.o(.text) refers to wells version edk_driver.o(.text) for VGA_plot_pixel
    edk_api.o(.text) refers to edk_api.o(.data) for dig4
    retarget.o(.rev16_text) refers (Special) to use_no_semi.o(.text) for __use_no_semihosting_swi
    retarget.o(.revsh_text) refers (Special) to use_no_semi.o(.text) for __use_no_semihosting_swi
    retarget.o(.text) refers (Special) to use_no_semi.o(.text) for __use_no_semihosting_swi
    retarget.o(.data) refers (Special) to use_no_semi.o(.text) for __use_no_semihosting_swi
    newmain.o(.text) refers to _printf_percent.o(.ARM.Collect$$_printf_percent$$00000000) for _printf_percent
    newmain.o(.text) refers to _printf_u.o(.ARM.Collect$$_printf_percent$$0000000A) for _printf_u
    newmain.o(.text) refers to _printf_dec.o(.text) for _printf_int_dec
    newmain.o(.text) refers to _printf_d.o(.ARM.Collect$$_printf_percent$$00000009) for _printf_d
    newmain.o(.text) refers to aeabi_sdiv.o(.text) for __aeabi_uidivmod
    newmain.o(.text) refers to edk_api.o(.text) for rectangle
    newmain.o(.text) refers to noretval__2printf.o(.text) for __2printf
    newmain.o(.text) refers to newmain.o(.data) for turn_time_left
    newmain.o(.text) refers to newmain.o(.bss) for board
    newmain.o(.text) refers to wells version edk_driver.o(.text) for timer_init
    newmain.o(.text) refers to retarget.o(.text) for UartGetc
    __2printf.o(.text) refers to _printf_char_file.o(.text) for _printf_char_file
    __2printf.o(.text) refers to retarget.o(.data) for __stdout
    noretval__2printf.o(.text) refers to _printf_char_file.o(.text) for _printf_char_file
    noretval__2printf.o(.text) refers to retarget.o(.data) for __stdout
    __printf.o(.text) refers to _printf_percent.o(.ARM.Collect$$_printf_percent$$00000000) for _printf_percent
    _printf_dec.o(.text) refers to rtudiv10.o(.text) for __rt_udiv10
    _printf_dec.o(.text) refers to _printf_intcommon.o(.text) for _printf_int_common
    __printf_flags.o(.text) refers to _printf_percent.o(.ARM.Collect$$_printf_percent$$00000000) for _printf_percent
    __printf_flags.o(.text) refers to __printf_flags.o(.constdata) for .constdata
    __printf_ss.o(.text) refers to _printf_percent.o(.ARM.Collect$$_printf_percent$$00000000) for _printf_percent
    __printf_flags_ss.o(.text) refers to _printf_percent.o(.ARM.Collect$$_printf_percent$$00000000) for _printf_percent
    __printf_flags_ss.o(.text) refers to __printf_flags_ss.o(.constdata) for .constdata
    __printf_wp.o(.text) refers to __printf_wp.o(i._is_digit) for _is_digit
    __printf_wp.o(.text) refers to _printf_percent.o(.ARM.Collect$$_printf_percent$$00000000) for _printf_percent
    __printf_flags_wp.o(.text) refers to __printf_wp.o(i._is_digit) for _is_digit
    __printf_flags_wp.o(.text) refers to _printf_percent.o(.ARM.Collect$$_printf_percent$$00000000) for _printf_percent
    __printf_flags_wp.o(.text) refers to __printf_flags_wp.o(.constdata) for .constdata
    __printf_ss_wp.o(.text) refers to __printf_wp.o(i._is_digit) for _is_digit
    __printf_ss_wp.o(.text) refers to _printf_percent.o(.ARM.Collect$$_printf_percent$$00000000) for _printf_percent
    __printf_flags_ss_wp.o(.text) refers to __printf_wp.o(i._is_digit) for _is_digit
    __printf_flags_ss_wp.o(.text) refers to _printf_percent.o(.ARM.Collect$$_printf_percent$$00000000) for _printf_percent
    __printf_flags_ss_wp.o(.text) refers to __printf_flags_ss_wp.o(.constdata) for .constdata
    _printf_d.o(.ARM.Collect$$_printf_percent$$00000009) refers (Weak) to _printf_dec.o(.text) for _printf_int_dec
    _printf_u.o(.ARM.Collect$$_printf_percent$$0000000A) refers (Weak) to _printf_dec.o(.text) for _printf_int_dec
    _printf_percent.o(.ARM.Collect$$_printf_percent$$00000000) refers (Special) to _printf_percent_end.o(.ARM.Collect$$_printf_percent$$00000017) for _printf_percent_end
    __main.o(!!!main) refers to __rtentry.o(.ARM.Collect$$rtentry$$00000000) for __rt_entry
    __rtentry.o(.ARM.Collect$$rtentry$$00000000) refers (Special) to __rtentry2.o(.ARM.Collect$$rtentry$$0000000A) for __rt_entry_li
    __rtentry.o(.ARM.Collect$$rtentry$$00000000) refers (Special) to __rtentry2.o(.ARM.Collect$$rtentry$$0000000D) for __rt_entry_main
    __rtentry.o(.ARM.Collect$$rtentry$$00000000) refers (Special) to __rtentry2.o(.ARM.Collect$$rtentry$$0000000C) for __rt_entry_postli_1
    __rtentry.o(.ARM.Collect$$rtentry$$00000000) refers (Special) to __rtentry2.o(.ARM.Collect$$rtentry$$00000009) for __rt_entry_postsh_1
    __rtentry.o(.ARM.Collect$$rtentry$$00000000) refers (Special) to __rtentry2.o(.ARM.Collect$$rtentry$$00000002) for __rt_entry_presh_1
    __rtentry.o(.ARM.Collect$$rtentry$$00000000) refers (Special) to __rtentry4.o(.ARM.Collect$$rtentry$$00000004) for __rt_entry_sh
    aeabi_idiv0_sigfpe.o(.text) refers to rt_div0.o(.text) for __rt_div0
    _printf_char_file.o(.text) refers to _printf_char_common.o(.text) for _printf_char_common
    _printf_char_file.o(.text) refers to retarget.o(.text) for ferror
    __rtentry2.o(.ARM.Collect$$rtentry$$00000008) refers to boardinit2.o(.text) for _platform_post_stackheap_init
    __rtentry2.o(.ARM.Collect$$rtentry$$0000000A) refers to libinit.o(.ARM.Collect$$libinit$$00000000) for __rt_lib_init
    __rtentry2.o(.ARM.Collect$$rtentry$$0000000B) refers to boardinit3.o(.text) for _platform_post_lib_init
    __rtentry2.o(.ARM.Collect$$rtentry$$0000000D) refers to newmain.o(.text) for main
    __rtentry2.o(.ARM.Collect$$rtentry$$0000000D) refers to exit.o(.text) for exit
    __rtentry2.o(.ARM.exidx) refers to __rtentry2.o(.ARM.Collect$$rtentry$$00000001) for .ARM.Collect$$rtentry$$00000001
    __rtentry2.o(.ARM.exidx) refers to __rtentry2.o(.ARM.Collect$$rtentry$$00000008) for .ARM.Collect$$rtentry$$00000008
    __rtentry2.o(.ARM.exidx) refers to __rtentry2.o(.ARM.Collect$$rtentry$$0000000A) for .ARM.Collect$$rtentry$$0000000A
    __rtentry2.o(.ARM.exidx) refers to __rtentry2.o(.ARM.Collect$$rtentry$$0000000B) for .ARM.Collect$$rtentry$$0000000B
    __rtentry2.o(.ARM.exidx) refers to __rtentry2.o(.ARM.Collect$$rtentry$$0000000D) for .ARM.Collect$$rtentry$$0000000D
    __rtentry4.o(.ARM.Collect$$rtentry$$00000004) refers to sys_stackheap_outer.o(.text) for __user_setup_stackheap
    __rtentry4.o(.ARM.exidx) refers to __rtentry4.o(.ARM.Collect$$rtentry$$00000004) for .ARM.Collect$$rtentry$$00000004
    rt_div0.o(.text) refers to defsig_fpe_outer.o(.text) for __rt_SIGFPE
    _printf_char_common.o(.text) refers to __printf.o(.text) for __printf
    sys_stackheap_outer.o(.text) refers to libspace.o(.text) for __user_perproc_libspace
    sys_stackheap_outer.o(.text) refers to cm0dsasm.o(.text) for __user_initial_stackheap
    sys_stackheap_outer.o(__vectab_stack_and_reset_area) refers to tempstk.o(.text) for __temporary_stack_top
    sys_stackheap_outer.o(__vectab_stack_and_reset_area) refers to __main.o(!!!main) for __main
    exit.o(.text) refers to rtexit.o(.ARM.Collect$$rtexit$$00000000) for __rt_exit
    defsig_fpe_outer.o(.text) refers to defsig_fpe_inner.o(.text) for __rt_SIGFPE_inner
    defsig_fpe_outer.o(.text) refers to defsig_exit.o(.text) for __sig_exit
    defsig_fpe_formal.o(.text) refers to rt_raise.o(.text) for __rt_raise
    libinit.o(.ARM.Collect$$libinit$$00000000) refers (Special) to libinit2.o(.ARM.Collect$$libinit$$0000002E) for __rt_lib_init_alloca_1
    libinit.o(.ARM.Collect$$libinit$$00000000) refers (Special) to libinit2.o(.ARM.Collect$$libinit$$0000002C) for __rt_lib_init_argv_1
    libinit.o(.ARM.Collect$$libinit$$00000000) refers (Special) to libinit2.o(.ARM.Collect$$libinit$$0000001B) for __rt_lib_init_atexit_1
    libinit.o(.ARM.Collect$$libinit$$00000000) refers (Special) to libinit2.o(.ARM.Collect$$libinit$$00000021) for __rt_lib_init_clock_1
    libinit.o(.ARM.Collect$$libinit$$00000000) refers (Special) to libinit2.o(.ARM.Collect$$libinit$$00000032) for __rt_lib_init_cpp_1
    libinit.o(.ARM.Collect$$libinit$$00000000) refers (Special) to libinit2.o(.ARM.Collect$$libinit$$00000030) for __rt_lib_init_exceptions_1
    libinit.o(.ARM.Collect$$libinit$$00000000) refers (Special) to libinit2.o(.ARM.Collect$$libinit$$00000002) for __rt_lib_init_fp_1
    libinit.o(.ARM.Collect$$libinit$$00000000) refers (Special) to libinit2.o(.ARM.Collect$$libinit$$0000001F) for __rt_lib_init_fp_trap_1
    libinit.o(.ARM.Collect$$libinit$$00000000) refers (Special) to libinit2.o(.ARM.Collect$$libinit$$00000023) for __rt_lib_init_getenv_1
    libinit.o(.ARM.Collect$$libinit$$00000000) refers (Special) to libinit2.o(.ARM.Collect$$libinit$$0000000A) for __rt_lib_init_heap_1
    libinit.o(.ARM.Collect$$libinit$$00000000) refers (Special) to libinit2.o(.ARM.Collect$$libinit$$00000011) for __rt_lib_init_lc_collate_1
    libinit.o(.ARM.Collect$$libinit$$00000000) refers (Special) to libinit2.o(.ARM.Collect$$libinit$$00000013) for __rt_lib_init_lc_ctype_1
    libinit.o(.ARM.Collect$$libinit$$00000000) refers (Special) to libinit2.o(.ARM.Collect$$libinit$$00000015) for __rt_lib_init_lc_monetary_1
    libinit.o(.ARM.Collect$$libinit$$00000000) refers (Special) to libinit2.o(.ARM.Collect$$libinit$$00000017) for __rt_lib_init_lc_numeric_1
    libinit.o(.ARM.Collect$$libinit$$00000000) refers (Special) to libinit2.o(.ARM.Collect$$libinit$$00000019) for __rt_lib_init_lc_time_1
    libinit.o(.ARM.Collect$$libinit$$00000000) refers (Special) to libinit2.o(.ARM.Collect$$libinit$$00000004) for __rt_lib_init_preinit_1
    libinit.o(.ARM.Collect$$libinit$$00000000) refers (Special) to libinit2.o(.ARM.Collect$$libinit$$0000000E) for __rt_lib_init_rand_1
    libinit.o(.ARM.Collect$$libinit$$00000000) refers (Special) to libinit2.o(.ARM.Collect$$libinit$$00000033) for __rt_lib_init_return
    libinit.o(.ARM.Collect$$libinit$$00000000) refers (Special) to libinit2.o(.ARM.Collect$$libinit$$0000001D) for __rt_lib_init_signal_1
    libinit.o(.ARM.Collect$$libinit$$00000000) refers (Special) to libinit2.o(.ARM.Collect$$libinit$$00000025) for __rt_lib_init_stdio_1
    libinit.o(.ARM.Collect$$libinit$$00000000) refers (Special) to libinit2.o(.ARM.Collect$$libinit$$0000000C) for __rt_lib_init_user_alloc_1
    libspace.o(.text) refers to libspace.o(.bss) for __libspace_start
    rtexit.o(.ARM.Collect$$rtexit$$00000000) refers (Special) to rtexit2.o(.ARM.Collect$$rtexit$$00000004) for __rt_exit_exit
    rtexit.o(.ARM.Collect$$rtexit$$00000000) refers (Special) to rtexit2.o(.ARM.Collect$$rtexit$$00000003) for __rt_exit_ls
    rtexit.o(.ARM.Collect$$rtexit$$00000000) refers (Special) to rtexit2.o(.ARM.Collect$$rtexit$$00000002) for __rt_exit_prels_1
    rtexit.o(.ARM.exidx) refers (Special) to rtexit2.o(.ARM.Collect$$rtexit$$00000004) for __rt_exit_exit
    rtexit.o(.ARM.exidx) refers (Special) to rtexit2.o(.ARM.Collect$$rtexit$$00000003) for __rt_exit_ls
    rtexit.o(.ARM.exidx) refers (Special) to rtexit2.o(.ARM.Collect$$rtexit$$00000002) for __rt_exit_prels_1
    rtexit.o(.ARM.exidx) refers to rtexit.o(.ARM.Collect$$rtexit$$00000000) for .ARM.Collect$$rtexit$$00000000
    rt_raise.o(.text) refers to __raise.o(.text) for __raise
    rt_raise.o(.text) refers to retarget.o(.text) for _sys_exit
    defsig_exit.o(.text) refers to retarget.o(.text) for _sys_exit
    defsig_fpe_inner.o(.text) refers to defsig_general.o(.text) for __default_signal_display
    libinit2.o(.ARM.Collect$$libinit$$00000010) refers to libinit2.o(.ARM.Collect$$libinit$$0000000F) for .ARM.Collect$$libinit$$0000000F
    libinit2.o(.ARM.Collect$$libinit$$00000012) refers to libinit2.o(.ARM.Collect$$libinit$$0000000F) for .ARM.Collect$$libinit$$0000000F
    libinit2.o(.ARM.Collect$$libinit$$00000014) refers to libinit2.o(.ARM.Collect$$libinit$$0000000F) for .ARM.Collect$$libinit$$0000000F
    libinit2.o(.ARM.Collect$$libinit$$00000016) refers to libinit2.o(.ARM.Collect$$libinit$$0000000F) for .ARM.Collect$$libinit$$0000000F
    libinit2.o(.ARM.Collect$$libinit$$00000018) refers to libinit2.o(.ARM.Collect$$libinit$$0000000F) for .ARM.Collect$$libinit$$0000000F
    libinit2.o(.ARM.Collect$$libinit$$00000026) refers to argv_veneer.o(.text) for __ARM_argv_veneer
    libinit2.o(.ARM.Collect$$libinit$$00000027) refers to argv_veneer.o(.text) for __ARM_argv_veneer
    rtexit2.o(.ARM.Collect$$rtexit$$00000003) refers to libshutdown.o(.ARM.Collect$$libshutdown$$00000000) for __rt_lib_shutdown
    rtexit2.o(.ARM.Collect$$rtexit$$00000004) refers to retarget.o(.text) for _sys_exit
    rtexit2.o(.ARM.exidx) refers to rtexit2.o(.ARM.Collect$$rtexit$$00000001) for .ARM.Collect$$rtexit$$00000001
    rtexit2.o(.ARM.exidx) refers to rtexit2.o(.ARM.Collect$$rtexit$$00000003) for .ARM.Collect$$rtexit$$00000003
    rtexit2.o(.ARM.exidx) refers to rtexit2.o(.ARM.Collect$$rtexit$$00000004) for .ARM.Collect$$rtexit$$00000004
    __raise.o(.text) refers to defsig.o(CL$$defsig) for __default_signal_handler
    defsig_general.o(.text) refers to retarget.o(.text) for _ttywrch
    defsig.o(CL$$defsig) refers to defsig_fpe_inner.o(.text) for __rt_SIGFPE_inner
    defsig.o(CL$$defsig) refers to defsig_rtmem_inner.o(.text) for __rt_SIGRTMEM_inner
    _get_argv_nomalloc.o(.text) refers (Special) to hrguard.o(.text) for __heap_region$guard
    _get_argv_nomalloc.o(.text) refers to defsig_rtmem_outer.o(.text) for __rt_SIGRTMEM
    _get_argv_nomalloc.o(.text) refers to sys_command.o(.text) for _sys_command_string
    libshutdown.o(.ARM.Collect$$libshutdown$$00000000) refers (Special) to libshutdown2.o(.ARM.Collect$$libshutdown$$00000004) for __rt_lib_shutdown_cpp_1
    libshutdown.o(.ARM.Collect$$libshutdown$$00000000) refers (Special) to libshutdown2.o(.ARM.Collect$$libshutdown$$00000002) for __rt_lib_shutdown_fini_1
    libshutdown.o(.ARM.Collect$$libshutdown$$00000000) refers (Special) to libshutdown2.o(.ARM.Collect$$libshutdown$$00000009) for __rt_lib_shutdown_fp_trap_1
    libshutdown.o(.ARM.Collect$$libshutdown$$00000000) refers (Special) to libshutdown2.o(.ARM.Collect$$libshutdown$$00000011) for __rt_lib_shutdown_heap_1
    libshutdown.o(.ARM.Collect$$libshutdown$$00000000) refers (Special) to libshutdown2.o(.ARM.Collect$$libshutdown$$00000012) for __rt_lib_shutdown_return
    libshutdown.o(.ARM.Collect$$libshutdown$$00000000) refers (Special) to libshutdown2.o(.ARM.Collect$$libshutdown$$0000000C) for __rt_lib_shutdown_signal_1
    libshutdown.o(.ARM.Collect$$libshutdown$$00000000) refers (Special) to libshutdown2.o(.ARM.Collect$$libshutdown$$00000006) for __rt_lib_shutdown_stdio_1
    libshutdown.o(.ARM.Collect$$libshutdown$$00000000) refers (Special) to libshutdown2.o(.ARM.Collect$$libshutdown$$0000000E) for __rt_lib_shutdown_user_alloc_1
    sys_command.o(.text) refers (Special) to use_no_semi.o(.text) for __I$use$semihosting
    sys_command.o(.text) refers (Special) to indicate_semi.o(.text) for __semihosting_library_function
    defsig_abrt_inner.o(.text) refers to defsig_general.o(.text) for __default_signal_display
    defsig_rtred_inner.o(.text) refers to defsig_general.o(.text) for __default_signal_display
    defsig_rtmem_inner.o(.text) refers to defsig_general.o(.text) for __default_signal_display
    defsig_rtmem_outer.o(.text) refers to defsig_rtmem_inner.o(.text) for __rt_SIGRTMEM_inner
    defsig_rtmem_outer.o(.text) refers to defsig_exit.o(.text) for __sig_exit
    defsig_rtmem_formal.o(.text) refers to rt_raise.o(.text) for __rt_raise
    defsig_stak_inner.o(.text) refers to defsig_general.o(.text) for __default_signal_display
    defsig_pvfn_inner.o(.text) refers to defsig_general.o(.text) for __default_signal_display
    defsig_cppl_inner.o(.text) refers to defsig_general.o(.text) for __default_signal_display
    defsig_segv_inner.o(.text) refers to defsig_general.o(.text) for __default_signal_display
    defsig_other.o(.text) refers to defsig_general.o(.text) for __default_signal_display


==============================================================================

Removing Unused input sections from the image.

    Removing edk_api.o(.rev16_text), (4 bytes).
    Removing edk_api.o(.revsh_text), (4 bytes).
    Removing retarget.o(.rev16_text), (4 bytes).
    Removing retarget.o(.revsh_text), (4 bytes).
    Removing wells version edk_driver.o(.rev16_text), (4 bytes).
    Removing wells version edk_driver.o(.revsh_text), (4 bytes).
    Removing wells version edk_driver.o(.data), (4 bytes).
    Removing newmain.o(.rev16_text), (4 bytes).
    Removing newmain.o(.revsh_text), (4 bytes).

9 unused section(s) (total 36 bytes) removed from the image.

==============================================================================

Image Symbol Table

    Local Symbols

    Symbol Name                              Value     Ov Type        Size  Object(Section)

    RESET                                    0x00000000   Section      128  cm0dsasm.o(RESET)
    ../clib/angel/boardlib.s                 0x00000000   Number         0  boardinit2.o ABSOLUTE
    ../clib/angel/boardlib.s                 0x00000000   Number         0  boardinit1.o ABSOLUTE
    ../clib/angel/boardlib.s                 0x00000000   Number         0  boardshut.o ABSOLUTE
    ../clib/angel/boardlib.s                 0x00000000   Number         0  boardinit3.o ABSOLUTE
    ../clib/angel/handlers.s                 0x00000000   Number         0  __scatter_zi.o ABSOLUTE
    ../clib/angel/kernel.s                   0x00000000   Number         0  __rtentry4.o ABSOLUTE
    ../clib/angel/kernel.s                   0x00000000   Number         0  __rtentry.o ABSOLUTE
    ../clib/angel/kernel.s                   0x00000000   Number         0  rtexit.o ABSOLUTE
    ../clib/angel/kernel.s                   0x00000000   Number         0  rtexit2.o ABSOLUTE
    ../clib/angel/kernel.s                   0x00000000   Number         0  __rtentry2.o ABSOLUTE
    ../clib/angel/rt.s                       0x00000000   Number         0  rt_div0.o ABSOLUTE
    ../clib/angel/rt.s                       0x00000000   Number         0  aeabi_idiv0_sigfpe.o ABSOLUTE
    ../clib/angel/rt.s                       0x00000000   Number         0  rt_raise.o ABSOLUTE
    ../clib/angel/rt.s                       0x00000000   Number         0  aeabi_idiv0.o ABSOLUTE
    ../clib/angel/scatterp.s                 0x00000000   Number         0  __scatter.o ABSOLUTE
    ../clib/angel/startup.s                  0x00000000   Number         0  __main.o ABSOLUTE
    ../clib/angel/sys.s                      0x00000000   Number         0  use_no_semi.o ABSOLUTE
    ../clib/angel/sys.s                      0x00000000   Number         0  sys_stackheap_outer.o ABSOLUTE
    ../clib/angel/sys.s                      0x00000000   Number         0  libspace.o ABSOLUTE
    ../clib/angel/sys.s                      0x00000000   Number         0  tempstk.o ABSOLUTE
    ../clib/angel/sys.s                      0x00000000   Number         0  indicate_semi.o ABSOLUTE
    ../clib/angel/sysapp.c                   0x00000000   Number         0  sys_command.o ABSOLUTE
    ../clib/armsys.c                         0x00000000   Number         0  argv_veneer.o ABSOLUTE
    ../clib/armsys.c                         0x00000000   Number         0  _get_argv_nomalloc.o ABSOLUTE
    ../clib/armsys.c                         0x00000000   Number         0  no_argv.o ABSOLUTE
    ../clib/division.c                       0x00000000   Number         0  rtudiv10.o ABSOLUTE
    ../clib/division.s                       0x00000000   Number         0  aeabi_sdiv.o ABSOLUTE
    ../clib/division.s                       0x00000000   Number         0  aeabi_sdiv_div0.o ABSOLUTE
    ../clib/heapalloc.c                      0x00000000   Number         0  hrguard.o ABSOLUTE
    ../clib/heapaux.c                        0x00000000   Number         0  heapauxi.o ABSOLUTE
    ../clib/libinit.s                        0x00000000   Number         0  libinit.o ABSOLUTE
    ../clib/libinit.s                        0x00000000   Number         0  libinit2.o ABSOLUTE
    ../clib/libinit.s                        0x00000000   Number         0  libshutdown.o ABSOLUTE
    ../clib/libinit.s                        0x00000000   Number         0  libshutdown2.o ABSOLUTE
    ../clib/printf.c                         0x00000000   Number         0  _printf_char_common.o ABSOLUTE
    ../clib/printf.c                         0x00000000   Number         0  _printf_intcommon.o ABSOLUTE
    ../clib/printf.c                         0x00000000   Number         0  __printf_flags_ss.o ABSOLUTE
    ../clib/printf.c                         0x00000000   Number         0  _printf_char_file.o ABSOLUTE
    ../clib/printf.c                         0x00000000   Number         0  __printf.o ABSOLUTE
    ../clib/printf.c                         0x00000000   Number         0  __printf_flags_ss_wp.o ABSOLUTE
    ../clib/printf.c                         0x00000000   Number         0  __2printf.o ABSOLUTE
    ../clib/printf.c                         0x00000000   Number         0  noretval__2printf.o ABSOLUTE
    ../clib/printf.c                         0x00000000   Number         0  _printf_dec.o ABSOLUTE
    ../clib/printf.c                         0x00000000   Number         0  __printf_flags.o ABSOLUTE
    ../clib/printf.c                         0x00000000   Number         0  __printf_ss.o ABSOLUTE
    ../clib/printf.c                         0x00000000   Number         0  __printf_nopercent.o ABSOLUTE
    ../clib/printf.c                         0x00000000   Number         0  __printf_wp.o ABSOLUTE
    ../clib/printf.c                         0x00000000   Number         0  __printf_flags_wp.o ABSOLUTE
    ../clib/printf.c                         0x00000000   Number         0  __printf_ss_wp.o ABSOLUTE
    ../clib/printf_percent.s                 0x00000000   Number         0  _printf_percent_end.o ABSOLUTE
    ../clib/printf_percent.s                 0x00000000   Number         0  _printf_percent.o ABSOLUTE
    ../clib/printf_percent.s                 0x00000000   Number         0  _printf_u.o ABSOLUTE
    ../clib/printf_percent.s                 0x00000000   Number         0  _printf_d.o ABSOLUTE
    ../clib/signal.c                         0x00000000   Number         0  defsig_other.o ABSOLUTE
    ../clib/signal.c                         0x00000000   Number         0  defsig_general.o ABSOLUTE
    ../clib/signal.c                         0x00000000   Number         0  __raise.o ABSOLUTE
    ../clib/signal.c                         0x00000000   Number         0  defsig_fpe_inner.o ABSOLUTE
    ../clib/signal.c                         0x00000000   Number         0  defsig_exit.o ABSOLUTE
    ../clib/signal.c                         0x00000000   Number         0  defsig_rtmem_inner.o ABSOLUTE
    ../clib/signal.c                         0x00000000   Number         0  defsig_rtred_inner.o ABSOLUTE
    ../clib/signal.c                         0x00000000   Number         0  defsig_abrt_inner.o ABSOLUTE
    ../clib/signal.c                         0x00000000   Number         0  defsig_fpe_formal.o ABSOLUTE
    ../clib/signal.c                         0x00000000   Number         0  defsig_rtmem_outer.o ABSOLUTE
    ../clib/signal.c                         0x00000000   Number         0  defsig_fpe_outer.o ABSOLUTE
    ../clib/signal.c                         0x00000000   Number         0  defsig_rtmem_formal.o ABSOLUTE
    ../clib/signal.c                         0x00000000   Number         0  defsig_stak_inner.o ABSOLUTE
    ../clib/signal.c                         0x00000000   Number         0  defsig_pvfn_inner.o ABSOLUTE
    ../clib/signal.c                         0x00000000   Number         0  defsig_cppl_inner.o ABSOLUTE
    ../clib/signal.c                         0x00000000   Number         0  defsig_segv_inner.o ABSOLUTE
    ../clib/signal.s                         0x00000000   Number         0  defsig.o ABSOLUTE
    ../clib/stdlib.c                         0x00000000   Number         0  exit.o ABSOLUTE
    ../fplib/cfplib/fpinit.c                 0x00000000   Number         0  fpinit.o ABSOLUTE
    ..\\newMain.c                            0x00000000   Number         0  newmain.o ABSOLUTE
    ..\\wells version edk_driver.c           0x00000000   Number         0  wells version edk_driver.o ABSOLUTE
    ..\newMain.c                             0x00000000   Number         0  newmain.o ABSOLUTE
    ..\wells version edk_driver.c            0x00000000   Number         0  wells version edk_driver.o ABSOLUTE
    Device\\edk_api.c                        0x00000000   Number         0  edk_api.o ABSOLUTE
    Device\\retarget.c                       0x00000000   Number         0  retarget.o ABSOLUTE
    Device\cm0dsasm.s                        0x00000000   Number         0  cm0dsasm.o ABSOLUTE
    Device\edk_api.c                         0x00000000   Number         0  edk_api.o ABSOLUTE
    Device\retarget.c                        0x00000000   Number         0  retarget.o ABSOLUTE
    dc.s                                     0x00000000   Number         0  dc.o ABSOLUTE
    !!!main                                  0x00000080   Section        8  __main.o(!!!main)
    !!!scatter                               0x00000088   Section       60  __scatter.o(!!!scatter)
    !!handler_zi                             0x000000c4   Section       28  __scatter_zi.o(!!handler_zi)
    .ARM.Collect$$_printf_percent$$00000000  0x000000e0   Section        2  _printf_percent.o(.ARM.Collect$$_printf_percent$$00000000)
    .ARM.Collect$$_printf_percent$$00000009  0x000000e2   Section       10  _printf_d.o(.ARM.Collect$$_printf_percent$$00000009)
    .ARM.Collect$$_printf_percent$$0000000A  0x000000ec   Section       10  _printf_u.o(.ARM.Collect$$_printf_percent$$0000000A)
    .ARM.Collect$$_printf_percent$$00000017  0x000000f6   Section        4  _printf_percent_end.o(.ARM.Collect$$_printf_percent$$00000017)
    .ARM.Collect$$libinit$$00000000          0x000000fa   Section        2  libinit.o(.ARM.Collect$$libinit$$00000000)
    .ARM.Collect$$libinit$$00000002          0x000000fc   Section        0  libinit2.o(.ARM.Collect$$libinit$$00000002)
    .ARM.Collect$$libinit$$00000004          0x000000fc   Section        0  libinit2.o(.ARM.Collect$$libinit$$00000004)
    .ARM.Collect$$libinit$$0000000A          0x000000fc   Section        0  libinit2.o(.ARM.Collect$$libinit$$0000000A)
    .ARM.Collect$$libinit$$0000000C          0x000000fc   Section        0  libinit2.o(.ARM.Collect$$libinit$$0000000C)
    .ARM.Collect$$libinit$$0000000E          0x000000fc   Section        0  libinit2.o(.ARM.Collect$$libinit$$0000000E)
    .ARM.Collect$$libinit$$00000011          0x000000fc   Section        0  libinit2.o(.ARM.Collect$$libinit$$00000011)
    .ARM.Collect$$libinit$$00000013          0x000000fc   Section        0  libinit2.o(.ARM.Collect$$libinit$$00000013)
    .ARM.Collect$$libinit$$00000015          0x000000fc   Section        0  libinit2.o(.ARM.Collect$$libinit$$00000015)
    .ARM.Collect$$libinit$$00000017          0x000000fc   Section        0  libinit2.o(.ARM.Collect$$libinit$$00000017)
    .ARM.Collect$$libinit$$00000019          0x000000fc   Section        0  libinit2.o(.ARM.Collect$$libinit$$00000019)
    .ARM.Collect$$libinit$$0000001B          0x000000fc   Section        0  libinit2.o(.ARM.Collect$$libinit$$0000001B)
    .ARM.Collect$$libinit$$0000001D          0x000000fc   Section        0  libinit2.o(.ARM.Collect$$libinit$$0000001D)
    .ARM.Collect$$libinit$$0000001F          0x000000fc   Section        0  libinit2.o(.ARM.Collect$$libinit$$0000001F)
    .ARM.Collect$$libinit$$00000021          0x000000fc   Section        0  libinit2.o(.ARM.Collect$$libinit$$00000021)
    .ARM.Collect$$libinit$$00000023          0x000000fc   Section        0  libinit2.o(.ARM.Collect$$libinit$$00000023)
    .ARM.Collect$$libinit$$00000025          0x000000fc   Section        0  libinit2.o(.ARM.Collect$$libinit$$00000025)
    .ARM.Collect$$libinit$$0000002C          0x000000fc   Section        0  libinit2.o(.ARM.Collect$$libinit$$0000002C)
    .ARM.Collect$$libinit$$0000002E          0x000000fc   Section        0  libinit2.o(.ARM.Collect$$libinit$$0000002E)
    .ARM.Collect$$libinit$$00000030          0x000000fc   Section        0  libinit2.o(.ARM.Collect$$libinit$$00000030)
    .ARM.Collect$$libinit$$00000032          0x000000fc   Section        0  libinit2.o(.ARM.Collect$$libinit$$00000032)
    .ARM.Collect$$libinit$$00000033          0x000000fc   Section        2  libinit2.o(.ARM.Collect$$libinit$$00000033)
    .ARM.Collect$$libshutdown$$00000000      0x000000fe   Section        2  libshutdown.o(.ARM.Collect$$libshutdown$$00000000)
    .ARM.Collect$$libshutdown$$00000002      0x00000100   Section        0  libshutdown2.o(.ARM.Collect$$libshutdown$$00000002)
    .ARM.Collect$$libshutdown$$00000004      0x00000100   Section        0  libshutdown2.o(.ARM.Collect$$libshutdown$$00000004)
    .ARM.Collect$$libshutdown$$00000006      0x00000100   Section        0  libshutdown2.o(.ARM.Collect$$libshutdown$$00000006)
    .ARM.Collect$$libshutdown$$00000009      0x00000100   Section        0  libshutdown2.o(.ARM.Collect$$libshutdown$$00000009)
    .ARM.Collect$$libshutdown$$0000000C      0x00000100   Section        0  libshutdown2.o(.ARM.Collect$$libshutdown$$0000000C)
    .ARM.Collect$$libshutdown$$0000000E      0x00000100   Section        0  libshutdown2.o(.ARM.Collect$$libshutdown$$0000000E)
    .ARM.Collect$$libshutdown$$00000011      0x00000100   Section        0  libshutdown2.o(.ARM.Collect$$libshutdown$$00000011)
    .ARM.Collect$$libshutdown$$00000012      0x00000100   Section        2  libshutdown2.o(.ARM.Collect$$libshutdown$$00000012)
    .ARM.Collect$$rtentry$$00000000          0x00000102   Section        0  __rtentry.o(.ARM.Collect$$rtentry$$00000000)
    .ARM.Collect$$rtentry$$00000002          0x00000102   Section        0  __rtentry2.o(.ARM.Collect$$rtentry$$00000002)
    .ARM.Collect$$rtentry$$00000004          0x00000102   Section        6  __rtentry4.o(.ARM.Collect$$rtentry$$00000004)
    .ARM.Collect$$rtentry$$00000009          0x00000108   Section        0  __rtentry2.o(.ARM.Collect$$rtentry$$00000009)
    .ARM.Collect$$rtentry$$0000000A          0x00000108   Section        4  __rtentry2.o(.ARM.Collect$$rtentry$$0000000A)
    .ARM.Collect$$rtentry$$0000000C          0x0000010c   Section        0  __rtentry2.o(.ARM.Collect$$rtentry$$0000000C)
    .ARM.Collect$$rtentry$$0000000D          0x0000010c   Section        8  __rtentry2.o(.ARM.Collect$$rtentry$$0000000D)
    .ARM.Collect$$rtexit$$00000000           0x00000114   Section        2  rtexit.o(.ARM.Collect$$rtexit$$00000000)
    .ARM.Collect$$rtexit$$00000002           0x00000116   Section        0  rtexit2.o(.ARM.Collect$$rtexit$$00000002)
    .ARM.Collect$$rtexit$$00000003           0x00000116   Section        4  rtexit2.o(.ARM.Collect$$rtexit$$00000003)
    .ARM.Collect$$rtexit$$00000004           0x0000011a   Section        6  rtexit2.o(.ARM.Collect$$rtexit$$00000004)
    .text                                    0x00000120   Section       52  cm0dsasm.o(.text)
    .text                                    0x00000154   Section        0  edk_api.o(.text)
    NVIC_SetPriority                         0x00000155   Thumb Code   110  edk_api.o(.text)
    .text                                    0x00000304   Section        0  retarget.o(.text)
    .text                                    0x00000364   Section        0  wells version edk_driver.o(.text)
    .text                                    0x000003f0   Section        0  newmain.o(.text)
    read_switches                            0x000003f1   Thumb Code    10  newmain.o(.text)
    gpio_set_all_input                       0x000003fb   Thumb Code    10  newmain.o(.text)
    seg7_show_number                         0x00000405   Thumb Code    90  newmain.o(.text)
    start_turn_timer                         0x0000045f   Thumb Code    18  newmain.o(.text)
    clear_board_array                        0x00000471   Thumb Code    76  newmain.o(.text)
    draw_cell                                0x000004bd   Thumb Code   112  newmain.o(.text)
    draw_cursor                              0x0000052d   Thumb Code    90  newmain.o(.text)
    draw_status                              0x00000587   Thumb Code   114  newmain.o(.text)
    draw_board                               0x000005f9   Thumb Code    96  newmain.o(.text)
    drop_piece                               0x00000659   Thumb Code    56  newmain.o(.text)
    count_dir                                0x00000691   Thumb Code    78  newmain.o(.text)
    check_winner                             0x000006df   Thumb Code   160  newmain.o(.text)
    check_draw                               0x0000077f   Thumb Code    46  newmain.o(.text)
    next_player                              0x000007ad   Thumb Code    30  newmain.o(.text)
    show_game_over                           0x000007cb   Thumb Code    18  newmain.o(.text)
    handle_drop_column                       0x000007dd   Thumb Code   292  newmain.o(.text)
    game_init                                0x00000901   Thumb Code   186  newmain.o(.text)
    poll_switch_controls                     0x000009bb   Thumb Code   162  newmain.o(.text)
    .text                                    0x00000c64   Section        2  use_no_semi.o(.text)
    .text                                    0x00000c68   Section        0  noretval__2printf.o(.text)
    .text                                    0x00000c84   Section        0  __printf.o(.text)
    .text                                    0x00000cf0   Section        0  _printf_dec.o(.text)
    .text                                    0x00000d5c   Section      346  aeabi_sdiv.o(.text)
    .text                                    0x00000eb6   Section        0  heapauxi.o(.text)
    .text                                    0x00000ebc   Section        0  _printf_intcommon.o(.text)
    .text                                    0x00000f6c   Section        0  _printf_char_file.o(.text)
    .text                                    0x00000f94   Section        0  rtudiv10.o(.text)
    .text                                    0x00000fbc   Section        0  _printf_char_common.o(.text)
    _printf_input_char                       0x00000fbd   Thumb Code    10  _printf_char_common.o(.text)
    .text                                    0x00000fec   Section       62  sys_stackheap_outer.o(.text)
    .text                                    0x0000102a   Section        0  exit.o(.text)
    .text                                    0x0000103c   Section        8  libspace.o(.text)
    .data                                    0x00001054   Section        4  edk_api.o(.data)
    dig1                                     0x00001054   Data           1  edk_api.o(.data)
    dig2                                     0x00001055   Data           1  edk_api.o(.data)
    dig3                                     0x00001056   Data           1  edk_api.o(.data)
    dig4                                     0x00001057   Data           1  edk_api.o(.data)
    .data                                    0x00001058   Section       12  retarget.o(.data)
    dig1                                     0x00001058   Data           1  retarget.o(.data)
    dig2                                     0x00001059   Data           1  retarget.o(.data)
    dig3                                     0x0000105a   Data           1  retarget.o(.data)
    dig4                                     0x0000105b   Data           1  retarget.o(.data)
    .data                                    0x00001064   Section       32  newmain.o(.data)
    dig1                                     0x00001064   Data           1  newmain.o(.data)
    dig2                                     0x00001065   Data           1  newmain.o(.data)
    dig3                                     0x00001066   Data           1  newmain.o(.data)
    dig4                                     0x00001067   Data           1  newmain.o(.data)
    current_player                           0x00001068   Data           4  newmain.o(.data)
    cursor_col                               0x0000106c   Data           4  newmain.o(.data)
    game_over                                0x00001070   Data           4  newmain.o(.data)
    winner                                   0x00001074   Data           4  newmain.o(.data)
    turn_time_left                           0x00001078   Data           1  newmain.o(.data)
    last_switch_sample                       0x00001079   Data           1  newmain.o(.data)
    r                                        0x0000107c   Data           4  newmain.o(.data)
    c                                        0x00001080   Data           4  newmain.o(.data)
    .bss                                     0x00001084   Section      168  newmain.o(.bss)
    board                                    0x00001084   Data         168  newmain.o(.bss)
    .bss                                     0x0000112c   Section       96  libspace.o(.bss)
    HEAP                                     0x00001190   Section     1024  cm0dsasm.o(HEAP)
    Heap_Mem                                 0x00001190   Data        1024  cm0dsasm.o(HEAP)
    STACK                                    0x00001590   Section     1024  cm0dsasm.o(STACK)
    Stack_Mem                                0x00001590   Data        1024  cm0dsasm.o(STACK)

    Global Symbols

    Symbol Name                              Value     Ov Type        Size  Object(Section)

    BuildAttributes$$THM_ISAv3M$S$PE$A:L22$X:L11$S22$IEEE1$IW$USESV6$~STKCKD$USESV7$~SHL$OSPACE$ROPI$EBA8$UX$STANDARDLIB$REQ8$PRES8$EABIv2 0x00000000   Number         0  anon$$obj.o ABSOLUTE
    __ARM_use_no_argv                        0x00000000   Number         0  newmain.o ABSOLUTE
    __Vectors                                0x00000000   Data           4  cm0dsasm.o(RESET)
    __ARM_exceptions_init                     - Undefined Weak Reference
    __alloca_initialize                       - Undefined Weak Reference
    __arm_fini_                               - Undefined Weak Reference
    __arm_preinit_                            - Undefined Weak Reference
    __cpp_initialize__aeabi_                  - Undefined Weak Reference
    __cxa_finalize                            - Undefined Weak Reference
    __rt_locale                               - Undefined Weak Reference
    __sigvec_lookup                           - Undefined Weak Reference
    _atexit_init                              - Undefined Weak Reference
    _call_atexit_fns                          - Undefined Weak Reference
    _clock_init                               - Undefined Weak Reference
    _fp_trap_init                             - Undefined Weak Reference
    _fp_trap_shutdown                         - Undefined Weak Reference
    _get_lc_collate                           - Undefined Weak Reference
    _get_lc_ctype                             - Undefined Weak Reference
    _get_lc_monetary                          - Undefined Weak Reference
    _get_lc_numeric                           - Undefined Weak Reference
    _get_lc_time                              - Undefined Weak Reference
    _getenv_init                              - Undefined Weak Reference
    _handle_redirection                       - Undefined Weak Reference
    _init_alloc                               - Undefined Weak Reference
    _init_user_alloc                          - Undefined Weak Reference
    _initio                                   - Undefined Weak Reference
    _printf_post_padding                      - Undefined Weak Reference
    _printf_pre_padding                       - Undefined Weak Reference
    _printf_truncate_signed                   - Undefined Weak Reference
    _printf_truncate_unsigned                 - Undefined Weak Reference
    _rand_init                                - Undefined Weak Reference
    _signal_finish                            - Undefined Weak Reference
    _signal_init                              - Undefined Weak Reference
    _terminate_alloc                          - Undefined Weak Reference
    _terminate_user_alloc                     - Undefined Weak Reference
    _terminateio                              - Undefined Weak Reference
    __main                                   0x00000081   Thumb Code     8  __main.o(!!!main)
    __scatterload                            0x00000089   Thumb Code     0  __scatter.o(!!!scatter)
    __scatterload_rt2                        0x00000089   Thumb Code    52  __scatter.o(!!!scatter)
    __scatterload_rt2_thumb_only             0x00000089   Thumb Code     0  __scatter.o(!!!scatter)
    __scatterload_null                       0x00000099   Thumb Code     0  __scatter.o(!!!scatter)
    __scatterload_zeroinit                   0x000000c5   Thumb Code    28  __scatter_zi.o(!!handler_zi)
    _printf_percent                          0x000000e1   Thumb Code     0  _printf_percent.o(.ARM.Collect$$_printf_percent$$00000000)
    _printf_d                                0x000000e3   Thumb Code     0  _printf_d.o(.ARM.Collect$$_printf_percent$$00000009)
    _printf_u                                0x000000ed   Thumb Code     0  _printf_u.o(.ARM.Collect$$_printf_percent$$0000000A)
    _printf_percent_end                      0x000000f7   Thumb Code     0  _printf_percent_end.o(.ARM.Collect$$_printf_percent$$00000017)
    __rt_lib_init                            0x000000fb   Thumb Code     0  libinit.o(.ARM.Collect$$libinit$$00000000)
    __rt_lib_init_alloca_1                   0x000000fd   Thumb Code     0  libinit2.o(.ARM.Collect$$libinit$$0000002E)
    __rt_lib_init_argv_1                     0x000000fd   Thumb Code     0  libinit2.o(.ARM.Collect$$libinit$$0000002C)
    __rt_lib_init_atexit_1                   0x000000fd   Thumb Code     0  libinit2.o(.ARM.Collect$$libinit$$0000001B)
    __rt_lib_init_clock_1                    0x000000fd   Thumb Code     0  libinit2.o(.ARM.Collect$$libinit$$00000021)
    __rt_lib_init_cpp_1                      0x000000fd   Thumb Code     0  libinit2.o(.ARM.Collect$$libinit$$00000032)
    __rt_lib_init_exceptions_1               0x000000fd   Thumb Code     0  libinit2.o(.ARM.Collect$$libinit$$00000030)
    __rt_lib_init_fp_1                       0x000000fd   Thumb Code     0  libinit2.o(.ARM.Collect$$libinit$$00000002)
    __rt_lib_init_fp_trap_1                  0x000000fd   Thumb Code     0  libinit2.o(.ARM.Collect$$libinit$$0000001F)
    __rt_lib_init_getenv_1                   0x000000fd   Thumb Code     0  libinit2.o(.ARM.Collect$$libinit$$00000023)
    __rt_lib_init_heap_1                     0x000000fd   Thumb Code     0  libinit2.o(.ARM.Collect$$libinit$$0000000A)
    __rt_lib_init_lc_collate_1               0x000000fd   Thumb Code     0  libinit2.o(.ARM.Collect$$libinit$$00000011)
    __rt_lib_init_lc_ctype_1                 0x000000fd   Thumb Code     0  libinit2.o(.ARM.Collect$$libinit$$00000013)
    __rt_lib_init_lc_monetary_1              0x000000fd   Thumb Code     0  libinit2.o(.ARM.Collect$$libinit$$00000015)
    __rt_lib_init_lc_numeric_1               0x000000fd   Thumb Code     0  libinit2.o(.ARM.Collect$$libinit$$00000017)
    __rt_lib_init_lc_time_1                  0x000000fd   Thumb Code     0  libinit2.o(.ARM.Collect$$libinit$$00000019)
    __rt_lib_init_preinit_1                  0x000000fd   Thumb Code     0  libinit2.o(.ARM.Collect$$libinit$$00000004)
    __rt_lib_init_rand_1                     0x000000fd   Thumb Code     0  libinit2.o(.ARM.Collect$$libinit$$0000000E)
    __rt_lib_init_return                     0x000000fd   Thumb Code     0  libinit2.o(.ARM.Collect$$libinit$$00000033)
    __rt_lib_init_signal_1                   0x000000fd   Thumb Code     0  libinit2.o(.ARM.Collect$$libinit$$0000001D)
    __rt_lib_init_stdio_1                    0x000000fd   Thumb Code     0  libinit2.o(.ARM.Collect$$libinit$$00000025)
    __rt_lib_init_user_alloc_1               0x000000fd   Thumb Code     0  libinit2.o(.ARM.Collect$$libinit$$0000000C)
    __rt_lib_shutdown                        0x000000ff   Thumb Code     0  libshutdown.o(.ARM.Collect$$libshutdown$$00000000)
    __rt_lib_shutdown_cpp_1                  0x00000101   Thumb Code     0  libshutdown2.o(.ARM.Collect$$libshutdown$$00000004)
    __rt_lib_shutdown_fini_1                 0x00000101   Thumb Code     0  libshutdown2.o(.ARM.Collect$$libshutdown$$00000002)
    __rt_lib_shutdown_fp_trap_1              0x00000101   Thumb Code     0  libshutdown2.o(.ARM.Collect$$libshutdown$$00000009)
    __rt_lib_shutdown_heap_1                 0x00000101   Thumb Code     0  libshutdown2.o(.ARM.Collect$$libshutdown$$00000011)
    __rt_lib_shutdown_return                 0x00000101   Thumb Code     0  libshutdown2.o(.ARM.Collect$$libshutdown$$00000012)
    __rt_lib_shutdown_signal_1               0x00000101   Thumb Code     0  libshutdown2.o(.ARM.Collect$$libshutdown$$0000000C)
    __rt_lib_shutdown_stdio_1                0x00000101   Thumb Code     0  libshutdown2.o(.ARM.Collect$$libshutdown$$00000006)
    __rt_lib_shutdown_user_alloc_1           0x00000101   Thumb Code     0  libshutdown2.o(.ARM.Collect$$libshutdown$$0000000E)
    __rt_entry                               0x00000103   Thumb Code     0  __rtentry.o(.ARM.Collect$$rtentry$$00000000)
    __rt_entry_presh_1                       0x00000103   Thumb Code     0  __rtentry2.o(.ARM.Collect$$rtentry$$00000002)
    __rt_entry_sh                            0x00000103   Thumb Code     0  __rtentry4.o(.ARM.Collect$$rtentry$$00000004)
    __rt_entry_li                            0x00000109   Thumb Code     0  __rtentry2.o(.ARM.Collect$$rtentry$$0000000A)
    __rt_entry_postsh_1                      0x00000109   Thumb Code     0  __rtentry2.o(.ARM.Collect$$rtentry$$00000009)
    __rt_entry_main                          0x0000010d   Thumb Code     0  __rtentry2.o(.ARM.Collect$$rtentry$$0000000D)
    __rt_entry_postli_1                      0x0000010d   Thumb Code     0  __rtentry2.o(.ARM.Collect$$rtentry$$0000000C)
    __rt_exit                                0x00000115   Thumb Code     0  rtexit.o(.ARM.Collect$$rtexit$$00000000)
    __rt_exit_ls                             0x00000117   Thumb Code     0  rtexit2.o(.ARM.Collect$$rtexit$$00000003)
    __rt_exit_prels_1                        0x00000117   Thumb Code     0  rtexit2.o(.ARM.Collect$$rtexit$$00000002)
    __rt_exit_exit                           0x0000011b   Thumb Code     0  rtexit2.o(.ARM.Collect$$rtexit$$00000004)
    Reset_Handler                            0x00000121   Thumb Code     4  cm0dsasm.o(.text)
    Timer_Handler                            0x00000125   Thumb Code     8  cm0dsasm.o(.text)
    UART_Handler                             0x0000012d   Thumb Code     8  cm0dsasm.o(.text)
    __user_initial_stackheap                 0x00000135   Thumb Code     0  cm0dsasm.o(.text)
    clear_screen                             0x000001c3   Thumb Code    34  edk_api.o(.text)
    SoC_init                                 0x000001e5   Thumb Code    44  edk_api.o(.text)
    Display_Int_Times                        0x00000211   Thumb Code   100  edk_api.o(.text)
    rectangle                                0x00000275   Thumb Code    46  edk_api.o(.text)
    read_switch                              0x000002a3   Thumb Code     8  edk_api.o(.text)
    write_LED                                0x000002ab   Thumb Code    12  edk_api.o(.text)
    delay                                    0x000002b7   Thumb Code    12  edk_api.o(.text)
    random                                   0x000002c3   Thumb Code    40  edk_api.o(.text)
    VGAPutc                                  0x00000305   Thumb Code     8  retarget.o(.text)
    UartPutc                                 0x0000030d   Thumb Code     8  retarget.o(.text)
    UartGetc                                 0x00000315   Thumb Code    10  retarget.o(.text)
    KBHIT                                    0x0000031f   Thumb Code    22  retarget.o(.text)
    fputc                                    0x00000335   Thumb Code    14  retarget.o(.text)
    fgetc                                    0x00000343   Thumb Code    10  retarget.o(.text)
    ferror                                   0x0000034d   Thumb Code     8  retarget.o(.text)
    _ttywrch                                 0x00000355   Thumb Code    12  retarget.o(.text)
    _sys_exit                                0x00000361   Thumb Code     4  retarget.o(.text)
    VGA_plot_pixel                           0x00000365   Thumb Code    14  wells version edk_driver.o(.text)
    seven_seg_write                          0x00000373   Thumb Code    16  wells version edk_driver.o(.text)
    timer_init                               0x00000383   Thumb Code    40  wells version edk_driver.o(.text)
    timer_enable                             0x000003ab   Thumb Code    18  wells version edk_driver.o(.text)
    timer_irq_clear                          0x000003bd   Thumb Code    10  wells version edk_driver.o(.text)
    GPIO_read                                0x000003c7   Thumb Code    18  wells version edk_driver.o(.text)
    GPIO_write                               0x000003d9   Thumb Code    18  wells version edk_driver.o(.text)
    UART_ISR                                 0x00000a5d   Thumb Code     8  newmain.o(.text)
    Timer_ISR                                0x00000a65   Thumb Code    68  newmain.o(.text)
    main                                     0x00000aa9   Thumb Code    16  newmain.o(.text)
    __I$use$semihosting                      0x00000c65   Thumb Code     0  use_no_semi.o(.text)
    __use_no_semihosting_swi                 0x00000c65   Thumb Code     2  use_no_semi.o(.text)
    __2printf                                0x00000c69   Thumb Code    22  noretval__2printf.o(.text)
    __printf                                 0x00000c85   Thumb Code   108  __printf.o(.text)
    _printf_int_dec                          0x00000cf1   Thumb Code    90  _printf_dec.o(.text)
    __aeabi_uidiv                            0x00000d5d   Thumb Code     0  aeabi_sdiv.o(.text)
    __aeabi_uidivmod                         0x00000d5d   Thumb Code    20  aeabi_sdiv.o(.text)
    __aeabi_idiv                             0x00000d71   Thumb Code     0  aeabi_sdiv.o(.text)
    __aeabi_idivmod                          0x00000d71   Thumb Code   326  aeabi_sdiv.o(.text)
    __use_two_region_memory                  0x00000eb7   Thumb Code     2  heapauxi.o(.text)
    __rt_heap_escrow$2region                 0x00000eb9   Thumb Code     2  heapauxi.o(.text)
    __rt_heap_expand$2region                 0x00000ebb   Thumb Code     2  heapauxi.o(.text)
    _printf_int_common                       0x00000ebd   Thumb Code   176  _printf_intcommon.o(.text)
    _printf_char_file                        0x00000f6d   Thumb Code    34  _printf_char_file.o(.text)
    __rt_udiv10                              0x00000f95   Thumb Code    40  rtudiv10.o(.text)
    _printf_char_common                      0x00000fc7   Thumb Code    32  _printf_char_common.o(.text)
    __user_setup_stackheap                   0x00000fed   Thumb Code    62  sys_stackheap_outer.o(.text)
    exit                                     0x0000102b   Thumb Code    16  exit.o(.text)
    __user_libspace                          0x0000103d   Thumb Code     8  libspace.o(.text)
    __user_perproc_libspace                  0x0000103d   Thumb Code     0  libspace.o(.text)
    __user_perthread_libspace                0x0000103d   Thumb Code     0  libspace.o(.text)
    Region$$Table$$Base                      0x00001044   Number         0  anon$$obj.o(Region$$Table)
    Region$$Table$$Limit                     0x00001054   Number         0  anon$$obj.o(Region$$Table)
    __stdout                                 0x0000105c   Data           4  retarget.o(.data)
    __stdin                                  0x00001060   Data           4  retarget.o(.data)
    __libspace_start                         0x0000112c   Data          96  libspace.o(.bss)
    __temporary_stack_top$libspace           0x0000118c   Data           0  libspace.o(.bss)



==============================================================================

Memory Map of the image

  Image Entry point : 0x00000121

  Load Region LR_1 (Base: 0x00000000, Size: 0x00001084, Max: 0xffffffff, ABSOLUTE)

    Execution Region ER_RO (Exec base: 0x00000000, Load base: 0x00000000, Size: 0x00001054, Max: 0xffffffff, ABSOLUTE)

    Exec Addr    Load Addr    Size         Type   Attr      Idx    E Section Name        Object

    0x00000000   0x00000000   0x00000080   Data   RO            3    RESET               cm0dsasm.o
    0x00000080   0x00000080   0x00000008   Code   RO          207  * !!!main             c_p.l(__main.o)
    0x00000088   0x00000088   0x0000003c   Code   RO          383    !!!scatter          c_p.l(__scatter.o)
    0x000000c4   0x000000c4   0x0000001c   Code   RO          385    !!handler_zi        c_p.l(__scatter_zi.o)
    0x000000e0   0x000000e0   0x00000002   Code   RO          200    .ARM.Collect$$_printf_percent$$00000000  c_p.l(_printf_percent.o)
    0x000000e2   0x000000e2   0x0000000a   Code   RO          198    .ARM.Collect$$_printf_percent$$00000009  c_p.l(_printf_d.o)
    0x000000ec   0x000000ec   0x0000000a   Code   RO          199    .ARM.Collect$$_printf_percent$$0000000A  c_p.l(_printf_u.o)
    0x000000f6   0x000000f6   0x00000004   Code   RO          218    .ARM.Collect$$_printf_percent$$00000017  c_p.l(_printf_percent_end.o)
    0x000000fa   0x000000fa   0x00000002   Code   RO          256    .ARM.Collect$$libinit$$00000000  c_p.l(libinit.o)
    0x000000fc   0x000000fc   0x00000000   Code   RO          270    .ARM.Collect$$libinit$$00000002  c_p.l(libinit2.o)
    0x000000fc   0x000000fc   0x00000000   Code   RO          272    .ARM.Collect$$libinit$$00000004  c_p.l(libinit2.o)
    0x000000fc   0x000000fc   0x00000000   Code   RO          275    .ARM.Collect$$libinit$$0000000A  c_p.l(libinit2.o)
    0x000000fc   0x000000fc   0x00000000   Code   RO          277    .ARM.Collect$$libinit$$0000000C  c_p.l(libinit2.o)
    0x000000fc   0x000000fc   0x00000000   Code   RO          279    .ARM.Collect$$libinit$$0000000E  c_p.l(libinit2.o)
    0x000000fc   0x000000fc   0x00000000   Code   RO          282    .ARM.Collect$$libinit$$00000011  c_p.l(libinit2.o)
    0x000000fc   0x000000fc   0x00000000   Code   RO          284    .ARM.Collect$$libinit$$00000013  c_p.l(libinit2.o)
    0x000000fc   0x000000fc   0x00000000   Code   RO          286    .ARM.Collect$$libinit$$00000015  c_p.l(libinit2.o)
    0x000000fc   0x000000fc   0x00000000   Code   RO          288    .ARM.Collect$$libinit$$00000017  c_p.l(libinit2.o)
    0x000000fc   0x000000fc   0x00000000   Code   RO          290    .ARM.Collect$$libinit$$00000019  c_p.l(libinit2.o)
    0x000000fc   0x000000fc   0x00000000   Code   RO          292    .ARM.Collect$$libinit$$0000001B  c_p.l(libinit2.o)
    0x000000fc   0x000000fc   0x00000000   Code   RO          294    .ARM.Collect$$libinit$$0000001D  c_p.l(libinit2.o)
    0x000000fc   0x000000fc   0x00000000   Code   RO          296    .ARM.Collect$$libinit$$0000001F  c_p.l(libinit2.o)
    0x000000fc   0x000000fc   0x00000000   Code   RO          298    .ARM.Collect$$libinit$$00000021  c_p.l(libinit2.o)
    0x000000fc   0x000000fc   0x00000000   Code   RO          300    .ARM.Collect$$libinit$$00000023  c_p.l(libinit2.o)
    0x000000fc   0x000000fc   0x00000000   Code   RO          302    .ARM.Collect$$libinit$$00000025  c_p.l(libinit2.o)
    0x000000fc   0x000000fc   0x00000000   Code   RO          306    .ARM.Collect$$libinit$$0000002C  c_p.l(libinit2.o)
    0x000000fc   0x000000fc   0x00000000   Code   RO          308    .ARM.Collect$$libinit$$0000002E  c_p.l(libinit2.o)
    0x000000fc   0x000000fc   0x00000000   Code   RO          310    .ARM.Collect$$libinit$$00000030  c_p.l(libinit2.o)
    0x000000fc   0x000000fc   0x00000000   Code   RO          312    .ARM.Collect$$libinit$$00000032  c_p.l(libinit2.o)
    0x000000fc   0x000000fc   0x00000002   Code   RO          313    .ARM.Collect$$libinit$$00000033  c_p.l(libinit2.o)
    0x000000fe   0x000000fe   0x00000002   Code   RO          337    .ARM.Collect$$libshutdown$$00000000  c_p.l(libshutdown.o)
    0x00000100   0x00000100   0x00000000   Code   RO          363    .ARM.Collect$$libshutdown$$00000002  c_p.l(libshutdown2.o)
    0x00000100   0x00000100   0x00000000   Code   RO          365    .ARM.Collect$$libshutdown$$00000004  c_p.l(libshutdown2.o)
    0x00000100   0x00000100   0x00000000   Code   RO          367    .ARM.Collect$$libshutdown$$00000006  c_p.l(libshutdown2.o)
    0x00000100   0x00000100   0x00000000   Code   RO          370    .ARM.Collect$$libshutdown$$00000009  c_p.l(libshutdown2.o)
    0x00000100   0x00000100   0x00000000   Code   RO          373    .ARM.Collect$$libshutdown$$0000000C  c_p.l(libshutdown2.o)
    0x00000100   0x00000100   0x00000000   Code   RO          375    .ARM.Collect$$libshutdown$$0000000E  c_p.l(libshutdown2.o)
    0x00000100   0x00000100   0x00000000   Code   RO          378    .ARM.Collect$$libshutdown$$00000011  c_p.l(libshutdown2.o)
    0x00000100   0x00000100   0x00000002   Code   RO          379    .ARM.Collect$$libshutdown$$00000012  c_p.l(libshutdown2.o)
    0x00000102   0x00000102   0x00000000   Code   RO          209    .ARM.Collect$$rtentry$$00000000  c_p.l(__rtentry.o)
    0x00000102   0x00000102   0x00000000   Code   RO          222    .ARM.Collect$$rtentry$$00000002  c_p.l(__rtentry2.o)
    0x00000102   0x00000102   0x00000006   Code   RO          234    .ARM.Collect$$rtentry$$00000004  c_p.l(__rtentry4.o)
    0x00000108   0x00000108   0x00000000   Code   RO          224    .ARM.Collect$$rtentry$$00000009  c_p.l(__rtentry2.o)
    0x00000108   0x00000108   0x00000004   Code   RO          225    .ARM.Collect$$rtentry$$0000000A  c_p.l(__rtentry2.o)
    0x0000010c   0x0000010c   0x00000000   Code   RO          227    .ARM.Collect$$rtentry$$0000000C  c_p.l(__rtentry2.o)
    0x0000010c   0x0000010c   0x00000008   Code   RO          228    .ARM.Collect$$rtentry$$0000000D  c_p.l(__rtentry2.o)
    0x00000114   0x00000114   0x00000002   Code   RO          261    .ARM.Collect$$rtexit$$00000000  c_p.l(rtexit.o)
    0x00000116   0x00000116   0x00000000   Code   RO          315    .ARM.Collect$$rtexit$$00000002  c_p.l(rtexit2.o)
    0x00000116   0x00000116   0x00000004   Code   RO          316    .ARM.Collect$$rtexit$$00000003  c_p.l(rtexit2.o)
    0x0000011a   0x0000011a   0x00000006   Code   RO          317    .ARM.Collect$$rtexit$$00000004  c_p.l(rtexit2.o)
    0x00000120   0x00000120   0x00000034   Code   RO            4  * .text               cm0dsasm.o
    0x00000154   0x00000154   0x000001b0   Code   RO           12    .text               edk_api.o
    0x00000304   0x00000304   0x00000060   Code   RO           59    .text               retarget.o
    0x00000364   0x00000364   0x0000008c   Code   RO           98    .text               wells version edk_driver.o
    0x000003f0   0x000003f0   0x00000874   Code   RO          138    .text               newmain.o
    0x00000c64   0x00000c64   0x00000002   Code   RO          168    .text               c_p.l(use_no_semi.o)
    0x00000c66   0x00000c66   0x00000002   PAD
    0x00000c68   0x00000c68   0x0000001c   Code   RO          172    .text               c_p.l(noretval__2printf.o)
    0x00000c84   0x00000c84   0x0000006c   Code   RO          174    .text               c_p.l(__printf.o)
    0x00000cf0   0x00000cf0   0x0000006c   Code   RO          176    .text               c_p.l(_printf_dec.o)
    0x00000d5c   0x00000d5c   0x0000015a   Code   RO          201    .text               c_p.l(aeabi_sdiv.o)
    0x00000eb6   0x00000eb6   0x00000006   Code   RO          205    .text               c_p.l(heapauxi.o)
    0x00000ebc   0x00000ebc   0x000000b0   Code   RO          214    .text               c_p.l(_printf_intcommon.o)
    0x00000f6c   0x00000f6c   0x00000028   Code   RO          216    .text               c_p.l(_printf_char_file.o)
    0x00000f94   0x00000f94   0x00000028   Code   RO          219    .text               c_p.l(rtudiv10.o)
    0x00000fbc   0x00000fbc   0x00000030   Code   RO          238    .text               c_p.l(_printf_char_common.o)
    0x00000fec   0x00000fec   0x0000003e   Code   RO          240    .text               c_p.l(sys_stackheap_outer.o)
    0x0000102a   0x0000102a   0x00000010   Code   RO          245    .text               c_p.l(exit.o)
    0x0000103a   0x0000103a   0x00000002   PAD
    0x0000103c   0x0000103c   0x00000008   Code   RO          257    .text               c_p.l(libspace.o)
    0x00001044   0x00001044   0x00000010   Data   RO          381    Region$$Table       anon$$obj.o


    Execution Region ER_RW (Exec base: 0x00001054, Load base: 0x00001054, Size: 0x00000030, Max: 0xffffffff, ABSOLUTE)

    Exec Addr    Load Addr    Size         Type   Attr      Idx    E Section Name        Object

    0x00001054   0x00001054   0x00000004   Data   RW           13    .data               edk_api.o
    0x00001058   0x00001058   0x0000000c   Data   RW           60    .data               retarget.o
    0x00001064   0x00001064   0x00000020   Data   RW          140    .data               newmain.o


    Execution Region ER_ZI (Exec base: 0x00001084, Load base: 0x00001084, Size: 0x0000090c, Max: 0xffffffff, ABSOLUTE)

    Exec Addr    Load Addr    Size         Type   Attr      Idx    E Section Name        Object

    0x00001084        -       0x000000a8   Zero   RW          139    .bss                newmain.o
    0x0000112c        -       0x00000060   Zero   RW          258    .bss                c_p.l(libspace.o)
    0x0000118c   0x00001084   0x00000004   PAD
    0x00001190        -       0x00000400   Zero   RW            2    HEAP                cm0dsasm.o
    0x00001590        -       0x00000400   Zero   RW            1    STACK               cm0dsasm.o


==============================================================================

Image component sizes


      Code (inc. data)   RO Data    RW Data    ZI Data      Debug   Object Name

        52         22        128          0       2048        476   cm0dsasm.o
       432         26          0          4          0       7443   edk_api.o
      2164        588          0         32        168      11834   newmain.o
        96          0          0         12          0       3718   retarget.o
       140          6          0          0          0       2274   wells version edk_driver.o

    ----------------------------------------------------------------------
      2884        642        144         48       2216      25745   Object Totals
         0          0         16          0          0          0   (incl. Generated)
         0          0          0          0          0          0   (incl. Padding)

    ----------------------------------------------------------------------

      Code (inc. data)   RO Data    RW Data    ZI Data      Debug   Library Member Name

         8          0          0          0          0         68   __main.o
       108          0          0          0          0         76   __printf.o
         0          0          0          0          0          0   __rtentry.o
        12          0          0          0          0          0   __rtentry2.o
         6          0          0          0          0          0   __rtentry4.o
        60          8          0          0          0          0   __scatter.o
        28          0          0          0          0          0   __scatter_zi.o
        48          6          0          0          0         88   _printf_char_common.o
        40          6          0          0          0         72   _printf_char_file.o
        10          0          0          0          0          0   _printf_d.o
       108         18          0          0          0         76   _printf_dec.o
       176          0          0          0          0         84   _printf_intcommon.o
         2          0          0          0          0          0   _printf_percent.o
         4          0          0          0          0          0   _printf_percent_end.o
        10          0          0          0          0          0   _printf_u.o
       346          0          0          0          0         92   aeabi_sdiv.o
        16          0          0          0          0         68   exit.o
         6          0          0          0          0        136   heapauxi.o
         2          0          0          0          0          0   libinit.o
         2          0          0          0          0          0   libinit2.o
         2          0          0          0          0          0   libshutdown.o
         2          0          0          0          0          0   libshutdown2.o
         8          4          0          0         96         68   libspace.o
        28          6          0          0          0         84   noretval__2printf.o
         2          0          0          0          0          0   rtexit.o
        10          0          0          0          0          0   rtexit2.o
        40          0          0          0          0         60   rtudiv10.o
        62          0          0          0          0         80   sys_stackheap_outer.o
         2          0          0          0          0         68   use_no_semi.o

    ----------------------------------------------------------------------
      1152         48          0          0        100       1120   Library Totals
         4          0          0          0          4          0   (incl. Padding)

    ----------------------------------------------------------------------

      Code (inc. data)   RO Data    RW Data    ZI Data      Debug   Library Name

      1148         48          0          0         96       1120   c_p.l

    ----------------------------------------------------------------------
      1152         48          0          0        100       1120   Library Totals

    ----------------------------------------------------------------------

==============================================================================


      Code (inc. data)   RO Data    RW Data    ZI Data      Debug   

      4036        690        144         48       2316      26081   Grand Totals
      4036        690        144         48       2316      26081   ELF Image Totals
      4036        690        144         48          0          0   ROM Totals

==============================================================================

    Total RO  Size (Code + RO Data)                 4180 (   4.08kB)
    Total RW  Size (RW Data + ZI Data)              2364 (   2.31kB)
    Total ROM Size (Code + RO Data + RW Data)       4228 (   4.13kB)

==============================================================================

