Component: ARM Compiler 5.06 update 7 (build 960) Tool: armlink [4d3601]

==============================================================================

Section Cross References

    retarget.o(.rev16_text) refers (Special) to use_no_semi.o(.text) for __use_no_semihosting_swi
    retarget.o(.revsh_text) refers (Special) to use_no_semi.o(.text) for __use_no_semihosting_swi
    retarget.o(.text) refers (Special) to use_no_semi.o(.text) for __use_no_semihosting_swi
    retarget.o(.data) refers (Special) to use_no_semi.o(.text) for __use_no_semihosting_swi
    edk_api.o(.text) refers to wells version edk_driver.o(.text) for VGA_plot_pixel
    edk_api.o(.text) refers to edk_api.o(.data) for dig4
    cm0dsasm_multiple_inputs_gpio.o(STACK) refers (Special) to heapauxi.o(.text) for __use_two_region_memory
    cm0dsasm_multiple_inputs_gpio.o(HEAP) refers (Special) to heapauxi.o(.text) for __use_two_region_memory
    cm0dsasm_multiple_inputs_gpio.o(RESET) refers (Special) to heapauxi.o(.text) for __use_two_region_memory
    cm0dsasm_multiple_inputs_gpio.o(RESET) refers to cm0dsasm_multiple_inputs_gpio.o(.text) for Reset_Handler
    cm0dsasm_multiple_inputs_gpio.o(.text) refers (Special) to heapauxi.o(.text) for __use_two_region_memory
    cm0dsasm_multiple_inputs_gpio.o(.text) refers to main_uart_with_pause_multiple_switches.o(.text) for Timer_ISR
    cm0dsasm_multiple_inputs_gpio.o(.text) refers to __main.o(!!!main) for __main
    cm0dsasm_multiple_inputs_gpio.o(.text) refers to cm0dsasm_multiple_inputs_gpio.o(HEAP) for Heap_Mem
    cm0dsasm_multiple_inputs_gpio.o(.text) refers to cm0dsasm_multiple_inputs_gpio.o(STACK) for Stack_Mem
    main_uart_with_pause_multiple_switches.o(.text) refers to _printf_percent.o(.ARM.Collect$$_printf_percent$$00000000) for _printf_percent
    main_uart_with_pause_multiple_switches.o(.text) refers to _printf_u.o(.ARM.Collect$$_printf_percent$$0000000A) for _printf_u
    main_uart_with_pause_multiple_switches.o(.text) refers to _printf_dec.o(.text) for _printf_int_dec
    main_uart_with_pause_multiple_switches.o(.text) refers to _printf_s.o(.ARM.Collect$$_printf_percent$$00000014) for _printf_s
    main_uart_with_pause_multiple_switches.o(.text) refers to _printf_str.o(.text) for _printf_str
    main_uart_with_pause_multiple_switches.o(.text) refers to _printf_c.o(.ARM.Collect$$_printf_percent$$00000013) for _printf_c
    main_uart_with_pause_multiple_switches.o(.text) refers to _printf_d.o(.ARM.Collect$$_printf_percent$$00000009) for _printf_d
    main_uart_with_pause_multiple_switches.o(.text) refers to noretval__2printf.o(.text) for __2printf
    main_uart_with_pause_multiple_switches.o(.text) refers to edk_api.o(.text) for write_LED
    main_uart_with_pause_multiple_switches.o(.text) refers to aeabi_sdiv.o(.text) for __aeabi_uidivmod
    main_uart_with_pause_multiple_switches.o(.text) refers to main_uart_with_pause_multiple_switches.o(.data) for uart_rx_head
    main_uart_with_pause_multiple_switches.o(.text) refers to main_uart_with_pause_multiple_switches.o(.bss) for uart_rx_buf
    main_uart_with_pause_multiple_switches.o(.text) refers to wells version edk_driver.o(.text) for gpio_set_input
    main_uart_with_pause_multiple_switches.o(.text) refers to retarget.o(.text) for UartGetc
    __2printf.o(.text) refers to _printf_char_file.o(.text) for _printf_char_file
    __2printf.o(.text) refers to retarget.o(.data) for __stdout
    noretval__2printf.o(.text) refers to _printf_char_file.o(.text) for _printf_char_file
    noretval__2printf.o(.text) refers to retarget.o(.data) for __stdout
    __printf.o(.text) refers to _printf_percent.o(.ARM.Collect$$_printf_percent$$00000000) for _printf_percent
    _printf_str.o(.text) refers (Special) to _printf_char.o(.text) for _printf_cs_common
    _printf_dec.o(.text) refers to rtudiv10.o(.text) for __rt_udiv10
    _printf_dec.o(.text) refers to _printf_intcommon.o(.text) for _printf_int_common
    __printf_flags.o(.text) refers to _printf_percent.o(.ARM.Collect$$_printf_percent$$00000000) for _printf_percent
    __printf_flags.o(.text) refers to __printf_flags.o(.constdata) for .constdata
    __printf_ss.o(.text) refers to _printf_percent.o(.ARM.Collect$$_printf_percent$$00000000) for _printf_percent
    __printf_flags_ss.o(.text) refers to _printf_percent.o(.ARM.Collect$$_printf_percent$$00000000) for _printf_percent
    __printf_flags_ss.o(.text) refers to __printf_flags_ss.o(.constdata) for .constdata
    __printf_wp.o(.text) refers to __printf_wp.o(i._is_digit) for _is_digit
    __printf_wp.o(.text) refers to _printf_percent.o(.ARM.Collect$$_printf_percent$$00000000) for _printf_percent
    __printf_flags_wp.o(.text) refers to __printf_wp.o(i._is_digit) for _is_digit
    __printf_flags_wp.o(.text) refers to _printf_percent.o(.ARM.Collect$$_printf_percent$$00000000) for _printf_percent
    __printf_flags_wp.o(.text) refers to __printf_flags_wp.o(.constdata) for .constdata
    __printf_ss_wp.o(.text) refers to __printf_wp.o(i._is_digit) for _is_digit
    __printf_ss_wp.o(.text) refers to _printf_percent.o(.ARM.Collect$$_printf_percent$$00000000) for _printf_percent
    __printf_flags_ss_wp.o(.text) refers to __printf_wp.o(i._is_digit) for _is_digit
    __printf_flags_ss_wp.o(.text) refers to _printf_percent.o(.ARM.Collect$$_printf_percent$$00000000) for _printf_percent
    __printf_flags_ss_wp.o(.text) refers to __printf_flags_ss_wp.o(.constdata) for .constdata
    _printf_c.o(.ARM.Collect$$_printf_percent$$00000013) refers (Weak) to _printf_char.o(.text) for _printf_char
    _printf_s.o(.ARM.Collect$$_printf_percent$$00000014) refers (Weak) to _printf_char.o(.text) for _printf_string
    _printf_d.o(.ARM.Collect$$_printf_percent$$00000009) refers (Weak) to _printf_dec.o(.text) for _printf_int_dec
    _printf_u.o(.ARM.Collect$$_printf_percent$$0000000A) refers (Weak) to _printf_dec.o(.text) for _printf_int_dec
    _printf_percent.o(.ARM.Collect$$_printf_percent$$00000000) refers (Special) to _printf_percent_end.o(.ARM.Collect$$_printf_percent$$00000017) for _printf_percent_end
    __main.o(!!!main) refers to __rtentry.o(.ARM.Collect$$rtentry$$00000000) for __rt_entry
    __rtentry.o(.ARM.Collect$$rtentry$$00000000) refers (Special) to __rtentry2.o(.ARM.Collect$$rtentry$$0000000A) for __rt_entry_li
    __rtentry.o(.ARM.Collect$$rtentry$$00000000) refers (Special) to __rtentry2.o(.ARM.Collect$$rtentry$$0000000D) for __rt_entry_main
    __rtentry.o(.ARM.Collect$$rtentry$$00000000) refers (Special) to __rtentry2.o(.ARM.Collect$$rtentry$$0000000C) for __rt_entry_postli_1
    __rtentry.o(.ARM.Collect$$rtentry$$00000000) refers (Special) to __rtentry2.o(.ARM.Collect$$rtentry$$00000009) for __rt_entry_postsh_1
    __rtentry.o(.ARM.Collect$$rtentry$$00000000) refers (Special) to __rtentry2.o(.ARM.Collect$$rtentry$$00000002) for __rt_entry_presh_1
    __rtentry.o(.ARM.Collect$$rtentry$$00000000) refers (Special) to __rtentry4.o(.ARM.Collect$$rtentry$$00000004) for __rt_entry_sh
    aeabi_idiv0_sigfpe.o(.text) refers to rt_div0.o(.text) for __rt_div0
    _printf_char.o(.text) refers (Weak) to _printf_str.o(.text) for _printf_str
    _printf_char_file.o(.text) refers to _printf_char_common.o(.text) for _printf_char_common
    _printf_char_file.o(.text) refers to retarget.o(.text) for ferror
    __rtentry2.o(.ARM.Collect$$rtentry$$00000008) refers to boardinit2.o(.text) for _platform_post_stackheap_init
    __rtentry2.o(.ARM.Collect$$rtentry$$0000000A) refers to libinit.o(.ARM.Collect$$libinit$$00000000) for __rt_lib_init
    __rtentry2.o(.ARM.Collect$$rtentry$$0000000B) refers to boardinit3.o(.text) for _platform_post_lib_init
    __rtentry2.o(.ARM.Collect$$rtentry$$0000000D) refers to main_uart_with_pause_multiple_switches.o(.text) for main
    __rtentry2.o(.ARM.Collect$$rtentry$$0000000D) refers to exit.o(.text) for exit
    __rtentry2.o(.ARM.exidx) refers to __rtentry2.o(.ARM.Collect$$rtentry$$00000001) for .ARM.Collect$$rtentry$$00000001
    __rtentry2.o(.ARM.exidx) refers to __rtentry2.o(.ARM.Collect$$rtentry$$00000008) for .ARM.Collect$$rtentry$$00000008
    __rtentry2.o(.ARM.exidx) refers to __rtentry2.o(.ARM.Collect$$rtentry$$0000000A) for .ARM.Collect$$rtentry$$0000000A
    __rtentry2.o(.ARM.exidx) refers to __rtentry2.o(.ARM.Collect$$rtentry$$0000000B) for .ARM.Collect$$rtentry$$0000000B
    __rtentry2.o(.ARM.exidx) refers to __rtentry2.o(.ARM.Collect$$rtentry$$0000000D) for .ARM.Collect$$rtentry$$0000000D
    __rtentry4.o(.ARM.Collect$$rtentry$$00000004) refers to sys_stackheap_outer.o(.text) for __user_setup_stackheap
    __rtentry4.o(.ARM.exidx) refers to __rtentry4.o(.ARM.Collect$$rtentry$$00000004) for .ARM.Collect$$rtentry$$00000004
    rt_div0.o(.text) refers to defsig_fpe_outer.o(.text) for __rt_SIGFPE
    _printf_char_common.o(.text) refers to __printf.o(.text) for __printf
    sys_stackheap_outer.o(.text) refers to libspace.o(.text) for __user_perproc_libspace
    sys_stackheap_outer.o(.text) refers to cm0dsasm_multiple_inputs_gpio.o(.text) for __user_initial_stackheap
    sys_stackheap_outer.o(__vectab_stack_and_reset_area) refers to tempstk.o(.text) for __temporary_stack_top
    sys_stackheap_outer.o(__vectab_stack_and_reset_area) refers to __main.o(!!!main) for __main
    exit.o(.text) refers to rtexit.o(.ARM.Collect$$rtexit$$00000000) for __rt_exit
    defsig_fpe_outer.o(.text) refers to defsig_fpe_inner.o(.text) for __rt_SIGFPE_inner
    defsig_fpe_outer.o(.text) refers to defsig_exit.o(.text) for __sig_exit
    defsig_fpe_formal.o(.text) refers to rt_raise.o(.text) for __rt_raise
    libinit.o(.ARM.Collect$$libinit$$00000000) refers (Special) to libinit2.o(.ARM.Collect$$libinit$$0000002E) for __rt_lib_init_alloca_1
    libinit.o(.ARM.Collect$$libinit$$00000000) refers (Special) to libinit2.o(.ARM.Collect$$libinit$$0000002C) for __rt_lib_init_argv_1
    libinit.o(.ARM.Collect$$libinit$$00000000) refers (Special) to libinit2.o(.ARM.Collect$$libinit$$0000001B) for __rt_lib_init_atexit_1
    libinit.o(.ARM.Collect$$libinit$$00000000) refers (Special) to libinit2.o(.ARM.Collect$$libinit$$00000021) for __rt_lib_init_clock_1
    libinit.o(.ARM.Collect$$libinit$$00000000) refers (Special) to libinit2.o(.ARM.Collect$$libinit$$00000032) for __rt_lib_init_cpp_1
    libinit.o(.ARM.Collect$$libinit$$00000000) refers (Special) to libinit2.o(.ARM.Collect$$libinit$$00000030) for __rt_lib_init_exceptions_1
    libinit.o(.ARM.Collect$$libinit$$00000000) refers (Special) to libinit2.o(.ARM.Collect$$libinit$$00000002) for __rt_lib_init_fp_1
    libinit.o(.ARM.Collect$$libinit$$00000000) refers (Special) to libinit2.o(.ARM.Collect$$libinit$$0000001F) for __rt_lib_init_fp_trap_1
    libinit.o(.ARM.Collect$$libinit$$00000000) refers (Special) to libinit2.o(.ARM.Collect$$libinit$$00000023) for __rt_lib_init_getenv_1
    libinit.o(.ARM.Collect$$libinit$$00000000) refers (Special) to libinit2.o(.ARM.Collect$$libinit$$0000000A) for __rt_lib_init_heap_1
    libinit.o(.ARM.Collect$$libinit$$00000000) refers (Special) to libinit2.o(.ARM.Collect$$libinit$$00000011) for __rt_lib_init_lc_collate_1
    libinit.o(.ARM.Collect$$libinit$$00000000) refers (Special) to libinit2.o(.ARM.Collect$$libinit$$00000013) for __rt_lib_init_lc_ctype_1
    libinit.o(.ARM.Collect$$libinit$$00000000) refers (Special) to libinit2.o(.ARM.Collect$$libinit$$00000015) for __rt_lib_init_lc_monetary_1
    libinit.o(.ARM.Collect$$libinit$$00000000) refers (Special) to libinit2.o(.ARM.Collect$$libinit$$00000017) for __rt_lib_init_lc_numeric_1
    libinit.o(.ARM.Collect$$libinit$$00000000) refers (Special) to libinit2.o(.ARM.Collect$$libinit$$00000019) for __rt_lib_init_lc_time_1
    libinit.o(.ARM.Collect$$libinit$$00000000) refers (Special) to libinit2.o(.ARM.Collect$$libinit$$00000004) for __rt_lib_init_preinit_1
    libinit.o(.ARM.Collect$$libinit$$00000000) refers (Special) to libinit2.o(.ARM.Collect$$libinit$$0000000E) for __rt_lib_init_rand_1
    libinit.o(.ARM.Collect$$libinit$$00000000) refers (Special) to libinit2.o(.ARM.Collect$$libinit$$00000033) for __rt_lib_init_return
    libinit.o(.ARM.Collect$$libinit$$00000000) refers (Special) to libinit2.o(.ARM.Collect$$libinit$$0000001D) for __rt_lib_init_signal_1
    libinit.o(.ARM.Collect$$libinit$$00000000) refers (Special) to libinit2.o(.ARM.Collect$$libinit$$00000025) for __rt_lib_init_stdio_1
    libinit.o(.ARM.Collect$$libinit$$00000000) refers (Special) to libinit2.o(.ARM.Collect$$libinit$$0000000C) for __rt_lib_init_user_alloc_1
    libspace.o(.text) refers to libspace.o(.bss) for __libspace_start
    rtexit.o(.ARM.Collect$$rtexit$$00000000) refers (Special) to rtexit2.o(.ARM.Collect$$rtexit$$00000004) for __rt_exit_exit
    rtexit.o(.ARM.Collect$$rtexit$$00000000) refers (Special) to rtexit2.o(.ARM.Collect$$rtexit$$00000003) for __rt_exit_ls
    rtexit.o(.ARM.Collect$$rtexit$$00000000) refers (Special) to rtexit2.o(.ARM.Collect$$rtexit$$00000002) for __rt_exit_prels_1
    rtexit.o(.ARM.exidx) refers (Special) to rtexit2.o(.ARM.Collect$$rtexit$$00000004) for __rt_exit_exit
    rtexit.o(.ARM.exidx) refers (Special) to rtexit2.o(.ARM.Collect$$rtexit$$00000003) for __rt_exit_ls
    rtexit.o(.ARM.exidx) refers (Special) to rtexit2.o(.ARM.Collect$$rtexit$$00000002) for __rt_exit_prels_1
    rtexit.o(.ARM.exidx) refers to rtexit.o(.ARM.Collect$$rtexit$$00000000) for .ARM.Collect$$rtexit$$00000000
    rt_raise.o(.text) refers to __raise.o(.text) for __raise
    rt_raise.o(.text) refers to retarget.o(.text) for _sys_exit
    defsig_exit.o(.text) refers to retarget.o(.text) for _sys_exit
    defsig_fpe_inner.o(.text) refers to defsig_general.o(.text) for __default_signal_display
    libinit2.o(.ARM.Collect$$libinit$$00000010) refers to libinit2.o(.ARM.Collect$$libinit$$0000000F) for .ARM.Collect$$libinit$$0000000F
    libinit2.o(.ARM.Collect$$libinit$$00000012) refers to libinit2.o(.ARM.Collect$$libinit$$0000000F) for .ARM.Collect$$libinit$$0000000F
    libinit2.o(.ARM.Collect$$libinit$$00000014) refers to libinit2.o(.ARM.Collect$$libinit$$0000000F) for .ARM.Collect$$libinit$$0000000F
    libinit2.o(.ARM.Collect$$libinit$$00000016) refers to libinit2.o(.ARM.Collect$$libinit$$0000000F) for .ARM.Collect$$libinit$$0000000F
    libinit2.o(.ARM.Collect$$libinit$$00000018) refers to libinit2.o(.ARM.Collect$$libinit$$0000000F) for .ARM.Collect$$libinit$$0000000F
    libinit2.o(.ARM.Collect$$libinit$$00000026) refers to argv_veneer.o(.text) for __ARM_argv_veneer
    libinit2.o(.ARM.Collect$$libinit$$00000027) refers to argv_veneer.o(.text) for __ARM_argv_veneer
    rtexit2.o(.ARM.Collect$$rtexit$$00000003) refers to libshutdown.o(.ARM.Collect$$libshutdown$$00000000) for __rt_lib_shutdown
    rtexit2.o(.ARM.Collect$$rtexit$$00000004) refers to retarget.o(.text) for _sys_exit
    rtexit2.o(.ARM.exidx) refers to rtexit2.o(.ARM.Collect$$rtexit$$00000001) for .ARM.Collect$$rtexit$$00000001
    rtexit2.o(.ARM.exidx) refers to rtexit2.o(.ARM.Collect$$rtexit$$00000003) for .ARM.Collect$$rtexit$$00000003
    rtexit2.o(.ARM.exidx) refers to rtexit2.o(.ARM.Collect$$rtexit$$00000004) for .ARM.Collect$$rtexit$$00000004
    __raise.o(.text) refers to defsig.o(CL$$defsig) for __default_signal_handler
    defsig_general.o(.text) refers to retarget.o(.text) for _ttywrch
    defsig.o(CL$$defsig) refers to defsig_fpe_inner.o(.text) for __rt_SIGFPE_inner
    defsig.o(CL$$defsig) refers to defsig_rtmem_inner.o(.text) for __rt_SIGRTMEM_inner
    _get_argv_nomalloc.o(.text) refers (Special) to hrguard.o(.text) for __heap_region$guard
    _get_argv_nomalloc.o(.text) refers to defsig_rtmem_outer.o(.text) for __rt_SIGRTMEM
    _get_argv_nomalloc.o(.text) refers to sys_command.o(.text) for _sys_command_string
    libshutdown.o(.ARM.Collect$$libshutdown$$00000000) refers (Special) to libshutdown2.o(.ARM.Collect$$libshutdown$$00000004) for __rt_lib_shutdown_cpp_1
    libshutdown.o(.ARM.Collect$$libshutdown$$00000000) refers (Special) to libshutdown2.o(.ARM.Collect$$libshutdown$$00000002) for __rt_lib_shutdown_fini_1
    libshutdown.o(.ARM.Collect$$libshutdown$$00000000) refers (Special) to libshutdown2.o(.ARM.Collect$$libshutdown$$00000009) for __rt_lib_shutdown_fp_trap_1
    libshutdown.o(.ARM.Collect$$libshutdown$$00000000) refers (Special) to libshutdown2.o(.ARM.Collect$$libshutdown$$00000011) for __rt_lib_shutdown_heap_1
    libshutdown.o(.ARM.Collect$$libshutdown$$00000000) refers (Special) to libshutdown2.o(.ARM.Collect$$libshutdown$$00000012) for __rt_lib_shutdown_return
    libshutdown.o(.ARM.Collect$$libshutdown$$00000000) refers (Special) to libshutdown2.o(.ARM.Collect$$libshutdown$$0000000C) for __rt_lib_shutdown_signal_1
    libshutdown.o(.ARM.Collect$$libshutdown$$00000000) refers (Special) to libshutdown2.o(.ARM.Collect$$libshutdown$$00000006) for __rt_lib_shutdown_stdio_1
    libshutdown.o(.ARM.Collect$$libshutdown$$00000000) refers (Special) to libshutdown2.o(.ARM.Collect$$libshutdown$$0000000E) for __rt_lib_shutdown_user_alloc_1
    sys_command.o(.text) refers (Special) to use_no_semi.o(.text) for __I$use$semihosting
    sys_command.o(.text) refers (Special) to indicate_semi.o(.text) for __semihosting_library_function
    defsig_abrt_inner.o(.text) refers to defsig_general.o(.text) for __default_signal_display
    defsig_rtred_inner.o(.text) refers to defsig_general.o(.text) for __default_signal_display
    defsig_rtmem_inner.o(.text) refers to defsig_general.o(.text) for __default_signal_display
    defsig_rtmem_outer.o(.text) refers to defsig_rtmem_inner.o(.text) for __rt_SIGRTMEM_inner
    defsig_rtmem_outer.o(.text) refers to defsig_exit.o(.text) for __sig_exit
    defsig_rtmem_formal.o(.text) refers to rt_raise.o(.text) for __rt_raise
    defsig_stak_inner.o(.text) refers to defsig_general.o(.text) for __default_signal_display
    defsig_pvfn_inner.o(.text) refers to defsig_general.o(.text) for __default_signal_display
    defsig_cppl_inner.o(.text) refers to defsig_general.o(.text) for __default_signal_display
    defsig_segv_inner.o(.text) refers to defsig_general.o(.text) for __default_signal_display
    defsig_other.o(.text) refers to defsig_general.o(.text) for __default_signal_display


==============================================================================

Removing Unused input sections from the image.

    Removing retarget.o(.rev16_text), (4 bytes).
    Removing retarget.o(.revsh_text), (4 bytes).
    Removing edk_api.o(.rev16_text), (4 bytes).
    Removing edk_api.o(.revsh_text), (4 bytes).
    Removing wells version edk_driver.o(.rev16_text), (4 bytes).
    Removing wells version edk_driver.o(.revsh_text), (4 bytes).
    Removing wells version edk_driver.o(.data), (4 bytes).
    Removing main_uart_with_pause_multiple_switches.o(.rev16_text), (4 bytes).
    Removing main_uart_with_pause_multiple_switches.o(.revsh_text), (4 bytes).

9 unused section(s) (total 36 bytes) removed from the image.

==============================================================================

Image Symbol Table

    Local Symbols

    Symbol Name                              Value     Ov Type        Size  Object(Section)

    RESET                                    0x00000000   Section      128  cm0dsasm_multiple_inputs_gpio.o(RESET)
    ../clib/angel/boardlib.s                 0x00000000   Number         0  boardshut.o ABSOLUTE
    ../clib/angel/boardlib.s                 0x00000000   Number         0  boardinit3.o ABSOLUTE
    ../clib/angel/boardlib.s                 0x00000000   Number         0  boardinit1.o ABSOLUTE
    ../clib/angel/boardlib.s                 0x00000000   Number         0  boardinit2.o ABSOLUTE
    ../clib/angel/handlers.s                 0x00000000   Number         0  __scatter_zi.o ABSOLUTE
    ../clib/angel/kernel.s                   0x00000000   Number         0  rtexit2.o ABSOLUTE
    ../clib/angel/kernel.s                   0x00000000   Number         0  rtexit.o ABSOLUTE
    ../clib/angel/kernel.s                   0x00000000   Number         0  __rtentry.o ABSOLUTE
    ../clib/angel/kernel.s                   0x00000000   Number         0  __rtentry2.o ABSOLUTE
    ../clib/angel/kernel.s                   0x00000000   Number         0  __rtentry4.o ABSOLUTE
    ../clib/angel/rt.s                       0x00000000   Number         0  rt_div0.o ABSOLUTE
    ../clib/angel/rt.s                       0x00000000   Number         0  aeabi_idiv0.o ABSOLUTE
    ../clib/angel/rt.s                       0x00000000   Number         0  aeabi_idiv0_sigfpe.o ABSOLUTE
    ../clib/angel/rt.s                       0x00000000   Number         0  rt_raise.o ABSOLUTE
    ../clib/angel/scatterp.s                 0x00000000   Number         0  __scatter.o ABSOLUTE
    ../clib/angel/startup.s                  0x00000000   Number         0  __main.o ABSOLUTE
    ../clib/angel/sys.s                      0x00000000   Number         0  tempstk.o ABSOLUTE
    ../clib/angel/sys.s                      0x00000000   Number         0  libspace.o ABSOLUTE
    ../clib/angel/sys.s                      0x00000000   Number         0  indicate_semi.o ABSOLUTE
    ../clib/angel/sys.s                      0x00000000   Number         0  sys_stackheap_outer.o ABSOLUTE
    ../clib/angel/sys.s                      0x00000000   Number         0  use_no_semi.o ABSOLUTE
    ../clib/angel/sysapp.c                   0x00000000   Number         0  sys_command.o ABSOLUTE
    ../clib/armsys.c                         0x00000000   Number         0  _get_argv_nomalloc.o ABSOLUTE
    ../clib/armsys.c                         0x00000000   Number         0  argv_veneer.o ABSOLUTE
    ../clib/armsys.c                         0x00000000   Number         0  no_argv.o ABSOLUTE
    ../clib/division.c                       0x00000000   Number         0  rtudiv10.o ABSOLUTE
    ../clib/division.s                       0x00000000   Number         0  aeabi_sdiv_div0.o ABSOLUTE
    ../clib/division.s                       0x00000000   Number         0  aeabi_sdiv.o ABSOLUTE
    ../clib/heapalloc.c                      0x00000000   Number         0  hrguard.o ABSOLUTE
    ../clib/heapaux.c                        0x00000000   Number         0  heapauxi.o ABSOLUTE
    ../clib/libinit.s                        0x00000000   Number         0  libinit.o ABSOLUTE
    ../clib/libinit.s                        0x00000000   Number         0  libinit2.o ABSOLUTE
    ../clib/libinit.s                        0x00000000   Number         0  libshutdown.o ABSOLUTE
    ../clib/libinit.s                        0x00000000   Number         0  libshutdown2.o ABSOLUTE
    ../clib/printf.c                         0x00000000   Number         0  _printf_char.o ABSOLUTE
    ../clib/printf.c                         0x00000000   Number         0  _printf_intcommon.o ABSOLUTE
    ../clib/printf.c                         0x00000000   Number         0  __printf_flags_wp.o ABSOLUTE
    ../clib/printf.c                         0x00000000   Number         0  __printf_nopercent.o ABSOLUTE
    ../clib/printf.c                         0x00000000   Number         0  __printf_flags.o ABSOLUTE
    ../clib/printf.c                         0x00000000   Number         0  _printf_char_common.o ABSOLUTE
    ../clib/printf.c                         0x00000000   Number         0  __printf_ss.o ABSOLUTE
    ../clib/printf.c                         0x00000000   Number         0  __printf_flags_ss.o ABSOLUTE
    ../clib/printf.c                         0x00000000   Number         0  __printf_wp.o ABSOLUTE
    ../clib/printf.c                         0x00000000   Number         0  __2printf.o ABSOLUTE
    ../clib/printf.c                         0x00000000   Number         0  noretval__2printf.o ABSOLUTE
    ../clib/printf.c                         0x00000000   Number         0  __printf_ss_wp.o ABSOLUTE
    ../clib/printf.c                         0x00000000   Number         0  __printf.o ABSOLUTE
    ../clib/printf.c                         0x00000000   Number         0  __printf_flags_ss_wp.o ABSOLUTE
    ../clib/printf.c                         0x00000000   Number         0  _printf_str.o ABSOLUTE
    ../clib/printf.c                         0x00000000   Number         0  _printf_char_file.o ABSOLUTE
    ../clib/printf.c                         0x00000000   Number         0  _printf_dec.o ABSOLUTE
    ../clib/printf_percent.s                 0x00000000   Number         0  _printf_percent.o ABSOLUTE
    ../clib/printf_percent.s                 0x00000000   Number         0  _printf_s.o ABSOLUTE
    ../clib/printf_percent.s                 0x00000000   Number         0  _printf_d.o ABSOLUTE
    ../clib/printf_percent.s                 0x00000000   Number         0  _printf_u.o ABSOLUTE
    ../clib/printf_percent.s                 0x00000000   Number         0  _printf_percent_end.o ABSOLUTE
    ../clib/printf_percent.s                 0x00000000   Number         0  _printf_c.o ABSOLUTE
    ../clib/signal.c                         0x00000000   Number         0  defsig_rtmem_inner.o ABSOLUTE
    ../clib/signal.c                         0x00000000   Number         0  defsig_fpe_inner.o ABSOLUTE
    ../clib/signal.c                         0x00000000   Number         0  defsig_exit.o ABSOLUTE
    ../clib/signal.c                         0x00000000   Number         0  defsig_fpe_formal.o ABSOLUTE
    ../clib/signal.c                         0x00000000   Number         0  defsig_fpe_outer.o ABSOLUTE
    ../clib/signal.c                         0x00000000   Number         0  defsig_rtred_inner.o ABSOLUTE
    ../clib/signal.c                         0x00000000   Number         0  defsig_abrt_inner.o ABSOLUTE
    ../clib/signal.c                         0x00000000   Number         0  defsig_rtmem_outer.o ABSOLUTE
    ../clib/signal.c                         0x00000000   Number         0  defsig_general.o ABSOLUTE
    ../clib/signal.c                         0x00000000   Number         0  defsig_rtmem_formal.o ABSOLUTE
    ../clib/signal.c                         0x00000000   Number         0  defsig_stak_inner.o ABSOLUTE
    ../clib/signal.c                         0x00000000   Number         0  defsig_pvfn_inner.o ABSOLUTE
    ../clib/signal.c                         0x00000000   Number         0  defsig_cppl_inner.o ABSOLUTE
    ../clib/signal.c                         0x00000000   Number         0  defsig_segv_inner.o ABSOLUTE
    ../clib/signal.c                         0x00000000   Number         0  __raise.o ABSOLUTE
    ../clib/signal.c                         0x00000000   Number         0  defsig_other.o ABSOLUTE
    ../clib/signal.s                         0x00000000   Number         0  defsig.o ABSOLUTE
    ../clib/stdlib.c                         0x00000000   Number         0  exit.o ABSOLUTE
    ../fplib/cfplib/fpinit.c                 0x00000000   Number         0  fpinit.o ABSOLUTE
    ..\\main_uart_with_pause_multiple_switches.c 0x00000000   Number         0  main_uart_with_pause_multiple_switches.o ABSOLUTE
    ..\\wells version edk_driver.c           0x00000000   Number         0  wells version edk_driver.o ABSOLUTE
    ..\cm0dsasm_multiple_inputs_gpio.s       0x00000000   Number         0  cm0dsasm_multiple_inputs_gpio.o ABSOLUTE
    ..\main_uart_with_pause_multiple_switches.c 0x00000000   Number         0  main_uart_with_pause_multiple_switches.o ABSOLUTE
    ..\wells version edk_driver.c            0x00000000   Number         0  wells version edk_driver.o ABSOLUTE
    Device\\edk_api.c                        0x00000000   Number         0  edk_api.o ABSOLUTE
    Device\\retarget.c                       0x00000000   Number         0  retarget.o ABSOLUTE
    Device\edk_api.c                         0x00000000   Number         0  edk_api.o ABSOLUTE
    Device\retarget.c                        0x00000000   Number         0  retarget.o ABSOLUTE
    dc.s                                     0x00000000   Number         0  dc.o ABSOLUTE
    !!!main                                  0x00000080   Section        8  __main.o(!!!main)
    !!!scatter                               0x00000088   Section       60  __scatter.o(!!!scatter)
    !!handler_zi                             0x000000c4   Section       28  __scatter_zi.o(!!handler_zi)
    .ARM.Collect$$_printf_percent$$00000000  0x000000e0   Section        2  _printf_percent.o(.ARM.Collect$$_printf_percent$$00000000)
    .ARM.Collect$$_printf_percent$$00000009  0x000000e2   Section       10  _printf_d.o(.ARM.Collect$$_printf_percent$$00000009)
    .ARM.Collect$$_printf_percent$$0000000A  0x000000ec   Section       10  _printf_u.o(.ARM.Collect$$_printf_percent$$0000000A)
    .ARM.Collect$$_printf_percent$$00000013  0x000000f6   Section       10  _printf_c.o(.ARM.Collect$$_printf_percent$$00000013)
    .ARM.Collect$$_printf_percent$$00000014  0x00000100   Section       10  _printf_s.o(.ARM.Collect$$_printf_percent$$00000014)
    .ARM.Collect$$_printf_percent$$00000017  0x0000010a   Section        4  _printf_percent_end.o(.ARM.Collect$$_printf_percent$$00000017)
    .ARM.Collect$$libinit$$00000000          0x0000010e   Section        2  libinit.o(.ARM.Collect$$libinit$$00000000)
    .ARM.Collect$$libinit$$00000002          0x00000110   Section        0  libinit2.o(.ARM.Collect$$libinit$$00000002)
    .ARM.Collect$$libinit$$00000004          0x00000110   Section        0  libinit2.o(.ARM.Collect$$libinit$$00000004)
    .ARM.Collect$$libinit$$0000000A          0x00000110   Section        0  libinit2.o(.ARM.Collect$$libinit$$0000000A)
    .ARM.Collect$$libinit$$0000000C          0x00000110   Section        0  libinit2.o(.ARM.Collect$$libinit$$0000000C)
    .ARM.Collect$$libinit$$0000000E          0x00000110   Section        0  libinit2.o(.ARM.Collect$$libinit$$0000000E)
    .ARM.Collect$$libinit$$00000011          0x00000110   Section        0  libinit2.o(.ARM.Collect$$libinit$$00000011)
    .ARM.Collect$$libinit$$00000013          0x00000110   Section        0  libinit2.o(.ARM.Collect$$libinit$$00000013)
    .ARM.Collect$$libinit$$00000015          0x00000110   Section        0  libinit2.o(.ARM.Collect$$libinit$$00000015)
    .ARM.Collect$$libinit$$00000017          0x00000110   Section        0  libinit2.o(.ARM.Collect$$libinit$$00000017)
    .ARM.Collect$$libinit$$00000019          0x00000110   Section        0  libinit2.o(.ARM.Collect$$libinit$$00000019)
    .ARM.Collect$$libinit$$0000001B          0x00000110   Section        0  libinit2.o(.ARM.Collect$$libinit$$0000001B)
    .ARM.Collect$$libinit$$0000001D          0x00000110   Section        0  libinit2.o(.ARM.Collect$$libinit$$0000001D)
    .ARM.Collect$$libinit$$0000001F          0x00000110   Section        0  libinit2.o(.ARM.Collect$$libinit$$0000001F)
    .ARM.Collect$$libinit$$00000021          0x00000110   Section        0  libinit2.o(.ARM.Collect$$libinit$$00000021)
    .ARM.Collect$$libinit$$00000023          0x00000110   Section        0  libinit2.o(.ARM.Collect$$libinit$$00000023)
    .ARM.Collect$$libinit$$00000025          0x00000110   Section        0  libinit2.o(.ARM.Collect$$libinit$$00000025)
    .ARM.Collect$$libinit$$0000002C          0x00000110   Section        0  libinit2.o(.ARM.Collect$$libinit$$0000002C)
    .ARM.Collect$$libinit$$0000002E          0x00000110   Section        0  libinit2.o(.ARM.Collect$$libinit$$0000002E)
    .ARM.Collect$$libinit$$00000030          0x00000110   Section        0  libinit2.o(.ARM.Collect$$libinit$$00000030)
    .ARM.Collect$$libinit$$00000032          0x00000110   Section        0  libinit2.o(.ARM.Collect$$libinit$$00000032)
    .ARM.Collect$$libinit$$00000033          0x00000110   Section        2  libinit2.o(.ARM.Collect$$libinit$$00000033)
    .ARM.Collect$$libshutdown$$00000000      0x00000112   Section        2  libshutdown.o(.ARM.Collect$$libshutdown$$00000000)
    .ARM.Collect$$libshutdown$$00000002      0x00000114   Section        0  libshutdown2.o(.ARM.Collect$$libshutdown$$00000002)
    .ARM.Collect$$libshutdown$$00000004      0x00000114   Section        0  libshutdown2.o(.ARM.Collect$$libshutdown$$00000004)
    .ARM.Collect$$libshutdown$$00000006      0x00000114   Section        0  libshutdown2.o(.ARM.Collect$$libshutdown$$00000006)
    .ARM.Collect$$libshutdown$$00000009      0x00000114   Section        0  libshutdown2.o(.ARM.Collect$$libshutdown$$00000009)
    .ARM.Collect$$libshutdown$$0000000C      0x00000114   Section        0  libshutdown2.o(.ARM.Collect$$libshutdown$$0000000C)
    .ARM.Collect$$libshutdown$$0000000E      0x00000114   Section        0  libshutdown2.o(.ARM.Collect$$libshutdown$$0000000E)
    .ARM.Collect$$libshutdown$$00000011      0x00000114   Section        0  libshutdown2.o(.ARM.Collect$$libshutdown$$00000011)
    .ARM.Collect$$libshutdown$$00000012      0x00000114   Section        2  libshutdown2.o(.ARM.Collect$$libshutdown$$00000012)
    .ARM.Collect$$rtentry$$00000000          0x00000116   Section        0  __rtentry.o(.ARM.Collect$$rtentry$$00000000)
    .ARM.Collect$$rtentry$$00000002          0x00000116   Section        0  __rtentry2.o(.ARM.Collect$$rtentry$$00000002)
    .ARM.Collect$$rtentry$$00000004          0x00000116   Section        6  __rtentry4.o(.ARM.Collect$$rtentry$$00000004)
    .ARM.Collect$$rtentry$$00000009          0x0000011c   Section        0  __rtentry2.o(.ARM.Collect$$rtentry$$00000009)
    .ARM.Collect$$rtentry$$0000000A          0x0000011c   Section        4  __rtentry2.o(.ARM.Collect$$rtentry$$0000000A)
    .ARM.Collect$$rtentry$$0000000C          0x00000120   Section        0  __rtentry2.o(.ARM.Collect$$rtentry$$0000000C)
    .ARM.Collect$$rtentry$$0000000D          0x00000120   Section        8  __rtentry2.o(.ARM.Collect$$rtentry$$0000000D)
    .ARM.Collect$$rtexit$$00000000           0x00000128   Section        2  rtexit.o(.ARM.Collect$$rtexit$$00000000)
    .ARM.Collect$$rtexit$$00000002           0x0000012a   Section        0  rtexit2.o(.ARM.Collect$$rtexit$$00000002)
    .ARM.Collect$$rtexit$$00000003           0x0000012a   Section        4  rtexit2.o(.ARM.Collect$$rtexit$$00000003)
    .ARM.Collect$$rtexit$$00000004           0x0000012e   Section        6  rtexit2.o(.ARM.Collect$$rtexit$$00000004)
    .text                                    0x00000134   Section        0  retarget.o(.text)
    .text                                    0x00000194   Section        0  edk_api.o(.text)
    NVIC_SetPriority                         0x00000195   Thumb Code   110  edk_api.o(.text)
    .text                                    0x0000034c   Section        0  wells version edk_driver.o(.text)
    .text                                    0x000003f4   Section       60  cm0dsasm_multiple_inputs_gpio.o(.text)
    .text                                    0x00000430   Section        0  main_uart_with_pause_multiple_switches.o(.text)
    uart_rx_push                             0x00000431   Thumb Code    34  main_uart_with_pause_multiple_switches.o(.text)
    uart_rx_pop                              0x00000453   Thumb Code    46  main_uart_with_pause_multiple_switches.o(.text)
    prompt_current_name                      0x00000481   Thumb Code    26  main_uart_with_pause_multiple_switches.o(.text)
    draw_status                              0x0000049b   Thumb Code   160  main_uart_with_pause_multiple_switches.o(.text)
    draw_cursor                              0x0000053b   Thumb Code    90  main_uart_with_pause_multiple_switches.o(.text)
    draw_cell                                0x00000595   Thumb Code   112  main_uart_with_pause_multiple_switches.o(.text)
    draw_board                               0x00000605   Thumb Code    96  main_uart_with_pause_multiple_switches.o(.text)
    finish_one_name                          0x00000665   Thumb Code   114  main_uart_with_pause_multiple_switches.o(.text)
    toggle_pause                             0x000006d7   Thumb Code    50  main_uart_with_pause_multiple_switches.o(.text)
    process_uart_name_input                  0x00000709   Thumb Code   186  main_uart_with_pause_multiple_switches.o(.text)
    seg7_show_number                         0x000007c3   Thumb Code   408  main_uart_with_pause_multiple_switches.o(.text)
    start_turn_timer                         0x0000095b   Thumb Code    18  main_uart_with_pause_multiple_switches.o(.text)
    clear_board_array                        0x0000096d   Thumb Code    76  main_uart_with_pause_multiple_switches.o(.text)
    drop_piece                               0x000009b9   Thumb Code    56  main_uart_with_pause_multiple_switches.o(.text)
    count_dir                                0x000009f1   Thumb Code    78  main_uart_with_pause_multiple_switches.o(.text)
    check_winner                             0x00000a3f   Thumb Code   160  main_uart_with_pause_multiple_switches.o(.text)
    check_draw                               0x00000adf   Thumb Code    46  main_uart_with_pause_multiple_switches.o(.text)
    next_player                              0x00000b0d   Thumb Code    30  main_uart_with_pause_multiple_switches.o(.text)
    show_game_over                           0x00000b2b   Thumb Code    18  main_uart_with_pause_multiple_switches.o(.text)
    handle_drop_column                       0x00000b3d   Thumb Code   142  main_uart_with_pause_multiple_switches.o(.text)
    game_init                                0x00000bcb   Thumb Code   220  main_uart_with_pause_multiple_switches.o(.text)
    NVIC_EnableIRQ                           0x00000fdb   Thumb Code    14  main_uart_with_pause_multiple_switches.o(.text)
    .text                                    0x0000101c   Section        2  use_no_semi.o(.text)
    .text                                    0x00001020   Section        0  noretval__2printf.o(.text)
    .text                                    0x0000103c   Section        0  __printf.o(.text)
    .text                                    0x000010a8   Section        0  _printf_str.o(.text)
    .text                                    0x000010fc   Section        0  _printf_dec.o(.text)
    .text                                    0x00001168   Section      346  aeabi_sdiv.o(.text)
    .text                                    0x000012c2   Section        0  heapauxi.o(.text)
    .text                                    0x000012c8   Section        0  _printf_intcommon.o(.text)
    .text                                    0x00001378   Section        0  _printf_char.o(.text)
    .text                                    0x000013a8   Section        0  _printf_char_file.o(.text)
    .text                                    0x000013d0   Section        0  rtudiv10.o(.text)
    .text                                    0x000013f8   Section        0  _printf_char_common.o(.text)
    _printf_input_char                       0x000013f9   Thumb Code    10  _printf_char_common.o(.text)
    .text                                    0x00001428   Section       62  sys_stackheap_outer.o(.text)
    .text                                    0x00001466   Section        0  exit.o(.text)
    .text                                    0x00001478   Section        8  libspace.o(.text)
    .data                                    0x00001490   Section       12  retarget.o(.data)
    dig1                                     0x00001490   Data           1  retarget.o(.data)
    dig2                                     0x00001491   Data           1  retarget.o(.data)
    dig3                                     0x00001492   Data           1  retarget.o(.data)
    dig4                                     0x00001493   Data           1  retarget.o(.data)
    .data                                    0x0000149c   Section        4  edk_api.o(.data)
    dig1                                     0x0000149c   Data           1  edk_api.o(.data)
    dig2                                     0x0000149d   Data           1  edk_api.o(.data)
    dig3                                     0x0000149e   Data           1  edk_api.o(.data)
    dig4                                     0x0000149f   Data           1  edk_api.o(.data)
    .data                                    0x000014a0   Section       77  main_uart_with_pause_multiple_switches.o(.data)
    dig1                                     0x000014a0   Data           1  main_uart_with_pause_multiple_switches.o(.data)
    dig2                                     0x000014a1   Data           1  main_uart_with_pause_multiple_switches.o(.data)
    dig3                                     0x000014a2   Data           1  main_uart_with_pause_multiple_switches.o(.data)
    dig4                                     0x000014a3   Data           1  main_uart_with_pause_multiple_switches.o(.data)
    current_player                           0x000014a4   Data           4  main_uart_with_pause_multiple_switches.o(.data)
    cursor_col                               0x000014a8   Data           4  main_uart_with_pause_multiple_switches.o(.data)
    game_over                                0x000014ac   Data           4  main_uart_with_pause_multiple_switches.o(.data)
    winner                                   0x000014b0   Data           4  main_uart_with_pause_multiple_switches.o(.data)
    game_paused                              0x000014b4   Data           1  main_uart_with_pause_multiple_switches.o(.data)
    turn_time_left                           0x000014b5   Data           1  main_uart_with_pause_multiple_switches.o(.data)
    last_switch_sample                       0x000014b6   Data           1  main_uart_with_pause_multiple_switches.o(.data)
    r                                        0x000014b8   Data           4  main_uart_with_pause_multiple_switches.o(.data)
    c                                        0x000014bc   Data           4  main_uart_with_pause_multiple_switches.o(.data)
    player_name                              0x000014c0   Data          39  main_uart_with_pause_multiple_switches.o(.data)
    uart_rx_head                             0x000014e7   Data           1  main_uart_with_pause_multiple_switches.o(.data)
    uart_rx_tail                             0x000014e8   Data           1  main_uart_with_pause_multiple_switches.o(.data)
    entering_names                           0x000014e9   Data           1  main_uart_with_pause_multiple_switches.o(.data)
    name_player                              0x000014ea   Data           1  main_uart_with_pause_multiple_switches.o(.data)
    name_index                               0x000014eb   Data           1  main_uart_with_pause_multiple_switches.o(.data)
    reset_requested                          0x000014ec   Data           1  main_uart_with_pause_multiple_switches.o(.data)
    .bss                                     0x000014f0   Section      245  main_uart_with_pause_multiple_switches.o(.bss)
    board                                    0x000014f0   Data         168  main_uart_with_pause_multiple_switches.o(.bss)
    uart_rx_buf                              0x00001598   Data          64  main_uart_with_pause_multiple_switches.o(.bss)
    name_temp                                0x000015d8   Data          13  main_uart_with_pause_multiple_switches.o(.bss)
    .bss                                     0x000015e8   Section       96  libspace.o(.bss)
    HEAP                                     0x00001650   Section     1024  cm0dsasm_multiple_inputs_gpio.o(HEAP)
    Heap_Mem                                 0x00001650   Data        1024  cm0dsasm_multiple_inputs_gpio.o(HEAP)
    STACK                                    0x00001a50   Section     1024  cm0dsasm_multiple_inputs_gpio.o(STACK)
    Stack_Mem                                0x00001a50   Data        1024  cm0dsasm_multiple_inputs_gpio.o(STACK)

    Global Symbols

    Symbol Name                              Value     Ov Type        Size  Object(Section)

    BuildAttributes$$THM_ISAv3M$S$PE$A:L22$X:L11$S22$IEEE1$IW$USESV6$~STKCKD$USESV7$~SHL$OSPACE$ROPI$EBA8$UX$STANDARDLIB$REQ8$PRES8$EABIv2 0x00000000   Number         0  anon$$obj.o ABSOLUTE
    __ARM_use_no_argv                        0x00000000   Number         0  main_uart_with_pause_multiple_switches.o ABSOLUTE
    __Vectors                                0x00000000   Data           4  cm0dsasm_multiple_inputs_gpio.o(RESET)
    __ARM_exceptions_init                     - Undefined Weak Reference
    __alloca_initialize                       - Undefined Weak Reference
    __arm_fini_                               - Undefined Weak Reference
    __arm_preinit_                            - Undefined Weak Reference
    __cpp_initialize__aeabi_                  - Undefined Weak Reference
    __cxa_finalize                            - Undefined Weak Reference
    __rt_locale                               - Undefined Weak Reference
    __sigvec_lookup                           - Undefined Weak Reference
    _atexit_init                              - Undefined Weak Reference
    _call_atexit_fns                          - Undefined Weak Reference
    _clock_init                               - Undefined Weak Reference
    _fp_trap_init                             - Undefined Weak Reference
    _fp_trap_shutdown                         - Undefined Weak Reference
    _get_lc_collate                           - Undefined Weak Reference
    _get_lc_ctype                             - Undefined Weak Reference
    _get_lc_monetary                          - Undefined Weak Reference
    _get_lc_numeric                           - Undefined Weak Reference
    _get_lc_time                              - Undefined Weak Reference
    _getenv_init                              - Undefined Weak Reference
    _handle_redirection                       - Undefined Weak Reference
    _init_alloc                               - Undefined Weak Reference
    _init_user_alloc                          - Undefined Weak Reference
    _initio                                   - Undefined Weak Reference
    _printf_mbtowc                            - Undefined Weak Reference
    _printf_post_padding                      - Undefined Weak Reference
    _printf_pre_padding                       - Undefined Weak Reference
    _printf_truncate_signed                   - Undefined Weak Reference
    _printf_truncate_unsigned                 - Undefined Weak Reference
    _rand_init                                - Undefined Weak Reference
    _signal_finish                            - Undefined Weak Reference
    _signal_init                              - Undefined Weak Reference
    _terminate_alloc                          - Undefined Weak Reference
    _terminate_user_alloc                     - Undefined Weak Reference
    _terminateio                              - Undefined Weak Reference
    __main                                   0x00000081   Thumb Code     8  __main.o(!!!main)
    __scatterload                            0x00000089   Thumb Code     0  __scatter.o(!!!scatter)
    __scatterload_rt2                        0x00000089   Thumb Code    52  __scatter.o(!!!scatter)
    __scatterload_rt2_thumb_only             0x00000089   Thumb Code     0  __scatter.o(!!!scatter)
    __scatterload_null                       0x00000099   Thumb Code     0  __scatter.o(!!!scatter)
    __scatterload_zeroinit                   0x000000c5   Thumb Code    28  __scatter_zi.o(!!handler_zi)
    _printf_percent                          0x000000e1   Thumb Code     0  _printf_percent.o(.ARM.Collect$$_printf_percent$$00000000)
    _printf_d                                0x000000e3   Thumb Code     0  _printf_d.o(.ARM.Collect$$_printf_percent$$00000009)
    _printf_u                                0x000000ed   Thumb Code     0  _printf_u.o(.ARM.Collect$$_printf_percent$$0000000A)
    _printf_c                                0x000000f7   Thumb Code     0  _printf_c.o(.ARM.Collect$$_printf_percent$$00000013)
    _printf_s                                0x00000101   Thumb Code     0  _printf_s.o(.ARM.Collect$$_printf_percent$$00000014)
    _printf_percent_end                      0x0000010b   Thumb Code     0  _printf_percent_end.o(.ARM.Collect$$_printf_percent$$00000017)
    __rt_lib_init                            0x0000010f   Thumb Code     0  libinit.o(.ARM.Collect$$libinit$$00000000)
    __rt_lib_init_alloca_1                   0x00000111   Thumb Code     0  libinit2.o(.ARM.Collect$$libinit$$0000002E)
    __rt_lib_init_argv_1                     0x00000111   Thumb Code     0  libinit2.o(.ARM.Collect$$libinit$$0000002C)
    __rt_lib_init_atexit_1                   0x00000111   Thumb Code     0  libinit2.o(.ARM.Collect$$libinit$$0000001B)
    __rt_lib_init_clock_1                    0x00000111   Thumb Code     0  libinit2.o(.ARM.Collect$$libinit$$00000021)
    __rt_lib_init_cpp_1                      0x00000111   Thumb Code     0  libinit2.o(.ARM.Collect$$libinit$$00000032)
    __rt_lib_init_exceptions_1               0x00000111   Thumb Code     0  libinit2.o(.ARM.Collect$$libinit$$00000030)
    __rt_lib_init_fp_1                       0x00000111   Thumb Code     0  libinit2.o(.ARM.Collect$$libinit$$00000002)
    __rt_lib_init_fp_trap_1                  0x00000111   Thumb Code     0  libinit2.o(.ARM.Collect$$libinit$$0000001F)
    __rt_lib_init_getenv_1                   0x00000111   Thumb Code     0  libinit2.o(.ARM.Collect$$libinit$$00000023)
    __rt_lib_init_heap_1                     0x00000111   Thumb Code     0  libinit2.o(.ARM.Collect$$libinit$$0000000A)
    __rt_lib_init_lc_collate_1               0x00000111   Thumb Code     0  libinit2.o(.ARM.Collect$$libinit$$00000011)
    __rt_lib_init_lc_ctype_1                 0x00000111   Thumb Code     0  libinit2.o(.ARM.Collect$$libinit$$00000013)
    __rt_lib_init_lc_monetary_1              0x00000111   Thumb Code     0  libinit2.o(.ARM.Collect$$libinit$$00000015)
    __rt_lib_init_lc_numeric_1               0x00000111   Thumb Code     0  libinit2.o(.ARM.Collect$$libinit$$00000017)
    __rt_lib_init_lc_time_1                  0x00000111   Thumb Code     0  libinit2.o(.ARM.Collect$$libinit$$00000019)
    __rt_lib_init_preinit_1                  0x00000111   Thumb Code     0  libinit2.o(.ARM.Collect$$libinit$$00000004)
    __rt_lib_init_rand_1                     0x00000111   Thumb Code     0  libinit2.o(.ARM.Collect$$libinit$$0000000E)
    __rt_lib_init_return                     0x00000111   Thumb Code     0  libinit2.o(.ARM.Collect$$libinit$$00000033)
    __rt_lib_init_signal_1                   0x00000111   Thumb Code     0  libinit2.o(.ARM.Collect$$libinit$$0000001D)
    __rt_lib_init_stdio_1                    0x00000111   Thumb Code     0  libinit2.o(.ARM.Collect$$libinit$$00000025)
    __rt_lib_init_user_alloc_1               0x00000111   Thumb Code     0  libinit2.o(.ARM.Collect$$libinit$$0000000C)
    __rt_lib_shutdown                        0x00000113   Thumb Code     0  libshutdown.o(.ARM.Collect$$libshutdown$$00000000)
    __rt_lib_shutdown_cpp_1                  0x00000115   Thumb Code     0  libshutdown2.o(.ARM.Collect$$libshutdown$$00000004)
    __rt_lib_shutdown_fini_1                 0x00000115   Thumb Code     0  libshutdown2.o(.ARM.Collect$$libshutdown$$00000002)
    __rt_lib_shutdown_fp_trap_1              0x00000115   Thumb Code     0  libshutdown2.o(.ARM.Collect$$libshutdown$$00000009)
    __rt_lib_shutdown_heap_1                 0x00000115   Thumb Code     0  libshutdown2.o(.ARM.Collect$$libshutdown$$00000011)
    __rt_lib_shutdown_return                 0x00000115   Thumb Code     0  libshutdown2.o(.ARM.Collect$$libshutdown$$00000012)
    __rt_lib_shutdown_signal_1               0x00000115   Thumb Code     0  libshutdown2.o(.ARM.Collect$$libshutdown$$0000000C)
    __rt_lib_shutdown_stdio_1                0x00000115   Thumb Code     0  libshutdown2.o(.ARM.Collect$$libshutdown$$00000006)
    __rt_lib_shutdown_user_alloc_1           0x00000115   Thumb Code     0  libshutdown2.o(.ARM.Collect$$libshutdown$$0000000E)
    __rt_entry                               0x00000117   Thumb Code     0  __rtentry.o(.ARM.Collect$$rtentry$$00000000)
    __rt_entry_presh_1                       0x00000117   Thumb Code     0  __rtentry2.o(.ARM.Collect$$rtentry$$00000002)
    __rt_entry_sh                            0x00000117   Thumb Code     0  __rtentry4.o(.ARM.Collect$$rtentry$$00000004)
    __rt_entry_li                            0x0000011d   Thumb Code     0  __rtentry2.o(.ARM.Collect$$rtentry$$0000000A)
    __rt_entry_postsh_1                      0x0000011d   Thumb Code     0  __rtentry2.o(.ARM.Collect$$rtentry$$00000009)
    __rt_entry_main                          0x00000121   Thumb Code     0  __rtentry2.o(.ARM.Collect$$rtentry$$0000000D)
    __rt_entry_postli_1                      0x00000121   Thumb Code     0  __rtentry2.o(.ARM.Collect$$rtentry$$0000000C)
    __rt_exit                                0x00000129   Thumb Code     0  rtexit.o(.ARM.Collect$$rtexit$$00000000)
    __rt_exit_ls                             0x0000012b   Thumb Code     0  rtexit2.o(.ARM.Collect$$rtexit$$00000003)
    __rt_exit_prels_1                        0x0000012b   Thumb Code     0  rtexit2.o(.ARM.Collect$$rtexit$$00000002)
    __rt_exit_exit                           0x0000012f   Thumb Code     0  rtexit2.o(.ARM.Collect$$rtexit$$00000004)
    VGAPutc                                  0x00000135   Thumb Code     8  retarget.o(.text)
    UartPutc                                 0x0000013d   Thumb Code     8  retarget.o(.text)
    UartGetc                                 0x00000145   Thumb Code    10  retarget.o(.text)
    KBHIT                                    0x0000014f   Thumb Code    22  retarget.o(.text)
    fputc                                    0x00000165   Thumb Code    14  retarget.o(.text)
    fgetc                                    0x00000173   Thumb Code    10  retarget.o(.text)
    ferror                                   0x0000017d   Thumb Code     8  retarget.o(.text)
    _ttywrch                                 0x00000185   Thumb Code    12  retarget.o(.text)
    _sys_exit                                0x00000191   Thumb Code     4  retarget.o(.text)
    clear_screen                             0x00000203   Thumb Code    34  edk_api.o(.text)
    SoC_init                                 0x00000225   Thumb Code    52  edk_api.o(.text)
    Display_Int_Times                        0x00000259   Thumb Code   100  edk_api.o(.text)
    rectangle                                0x000002bd   Thumb Code    46  edk_api.o(.text)
    read_switch                              0x000002eb   Thumb Code     8  edk_api.o(.text)
    write_LED                                0x000002f3   Thumb Code    12  edk_api.o(.text)
    delay                                    0x000002ff   Thumb Code    12  edk_api.o(.text)
    random                                   0x0000030b   Thumb Code    40  edk_api.o(.text)
    VGA_plot_pixel                           0x0000034d   Thumb Code    14  wells version edk_driver.o(.text)
    seven_seg_write                          0x0000035b   Thumb Code    16  wells version edk_driver.o(.text)
    timer_init                               0x0000036b   Thumb Code    40  wells version edk_driver.o(.text)
    timer_enable                             0x00000393   Thumb Code    18  wells version edk_driver.o(.text)
    timer_irq_clear                          0x000003a5   Thumb Code    10  wells version edk_driver.o(.text)
    GPIO_read                                0x000003af   Thumb Code    18  wells version edk_driver.o(.text)
    GPIO_write                               0x000003c1   Thumb Code    18  wells version edk_driver.o(.text)
    read_GPIO                                0x000003d3   Thumb Code     8  wells version edk_driver.o(.text)
    gpio_irq_clear                           0x000003db   Thumb Code    10  wells version edk_driver.o(.text)
    gpio_set_input                           0x000003e5   Thumb Code    10  wells version edk_driver.o(.text)
    Reset_Handler                            0x000003f5   Thumb Code     4  cm0dsasm_multiple_inputs_gpio.o(.text)
    Timer_Handler                            0x000003f9   Thumb Code     8  cm0dsasm_multiple_inputs_gpio.o(.text)
    UART_Handler                             0x00000401   Thumb Code     8  cm0dsasm_multiple_inputs_gpio.o(.text)
    GPIO_Handler                             0x00000409   Thumb Code     8  cm0dsasm_multiple_inputs_gpio.o(.text)
    __user_initial_stackheap                 0x00000411   Thumb Code     0  cm0dsasm_multiple_inputs_gpio.o(.text)
    GPIO_ISR                                 0x00000ca7   Thumb Code   684  main_uart_with_pause_multiple_switches.o(.text)
    UART_ISR                                 0x00000f53   Thumb Code    16  main_uart_with_pause_multiple_switches.o(.text)
    Timer_ISR                                0x00000f63   Thumb Code    84  main_uart_with_pause_multiple_switches.o(.text)
    main                                     0x00000fb7   Thumb Code    36  main_uart_with_pause_multiple_switches.o(.text)
    __I$use$semihosting                      0x0000101d   Thumb Code     0  use_no_semi.o(.text)
    __use_no_semihosting_swi                 0x0000101d   Thumb Code     2  use_no_semi.o(.text)
    __2printf                                0x00001021   Thumb Code    22  noretval__2printf.o(.text)
    __printf                                 0x0000103d   Thumb Code   108  __printf.o(.text)
    _printf_str                              0x000010a9   Thumb Code    82  _printf_str.o(.text)
    _printf_int_dec                          0x000010fd   Thumb Code    90  _printf_dec.o(.text)
    __aeabi_uidiv                            0x00001169   Thumb Code     0  aeabi_sdiv.o(.text)
    __aeabi_uidivmod                         0x00001169   Thumb Code    20  aeabi_sdiv.o(.text)
    __aeabi_idiv                             0x0000117d   Thumb Code     0  aeabi_sdiv.o(.text)
    __aeabi_idivmod                          0x0000117d   Thumb Code   326  aeabi_sdiv.o(.text)
    __use_two_region_memory                  0x000012c3   Thumb Code     2  heapauxi.o(.text)
    __rt_heap_escrow$2region                 0x000012c5   Thumb Code     2  heapauxi.o(.text)
    __rt_heap_expand$2region                 0x000012c7   Thumb Code     2  heapauxi.o(.text)
    _printf_int_common                       0x000012c9   Thumb Code   176  _printf_intcommon.o(.text)
    _printf_cs_common                        0x00001379   Thumb Code    22  _printf_char.o(.text)
    _printf_char                             0x0000138f   Thumb Code    16  _printf_char.o(.text)
    _printf_string                           0x0000139f   Thumb Code     8  _printf_char.o(.text)
    _printf_char_file                        0x000013a9   Thumb Code    34  _printf_char_file.o(.text)
    __rt_udiv10                              0x000013d1   Thumb Code    40  rtudiv10.o(.text)
    _printf_char_common                      0x00001403   Thumb Code    32  _printf_char_common.o(.text)
    __user_setup_stackheap                   0x00001429   Thumb Code    62  sys_stackheap_outer.o(.text)
    exit                                     0x00001467   Thumb Code    16  exit.o(.text)
    __user_libspace                          0x00001479   Thumb Code     8  libspace.o(.text)
    __user_perproc_libspace                  0x00001479   Thumb Code     0  libspace.o(.text)
    __user_perthread_libspace                0x00001479   Thumb Code     0  libspace.o(.text)
    Region$$Table$$Base                      0x00001480   Number         0  anon$$obj.o(Region$$Table)
    Region$$Table$$Limit                     0x00001490   Number         0  anon$$obj.o(Region$$Table)
    __stdout                                 0x00001494   Data           4  retarget.o(.data)
    __stdin                                  0x00001498   Data           4  retarget.o(.data)
    __libspace_start                         0x000015e8   Data          96  libspace.o(.bss)
    __temporary_stack_top$libspace           0x00001648   Data           0  libspace.o(.bss)



==============================================================================

Memory Map of the image

  Image Entry point : 0x000003f5

  Load Region LR_1 (Base: 0x00000000, Size: 0x000014f0, Max: 0xffffffff, ABSOLUTE)

    Execution Region ER_RO (Exec base: 0x00000000, Load base: 0x00000000, Size: 0x00001490, Max: 0xffffffff, ABSOLUTE)

    Exec Addr    Load Addr    Size         Type   Attr      Idx    E Section Name        Object

    0x00000000   0x00000000   0x00000080   Data   RO          125    RESET               cm0dsasm_multiple_inputs_gpio.o
    0x00000080   0x00000080   0x00000008   Code   RO          205  * !!!main             c_p.l(__main.o)
    0x00000088   0x00000088   0x0000003c   Code   RO          383    !!!scatter          c_p.l(__scatter.o)
    0x000000c4   0x000000c4   0x0000001c   Code   RO          385    !!handler_zi        c_p.l(__scatter_zi.o)
    0x000000e0   0x000000e0   0x00000002   Code   RO          198    .ARM.Collect$$_printf_percent$$00000000  c_p.l(_printf_percent.o)
    0x000000e2   0x000000e2   0x0000000a   Code   RO          196    .ARM.Collect$$_printf_percent$$00000009  c_p.l(_printf_d.o)
    0x000000ec   0x000000ec   0x0000000a   Code   RO          197    .ARM.Collect$$_printf_percent$$0000000A  c_p.l(_printf_u.o)
    0x000000f6   0x000000f6   0x0000000a   Code   RO          194    .ARM.Collect$$_printf_percent$$00000013  c_p.l(_printf_c.o)
    0x00000100   0x00000100   0x0000000a   Code   RO          195    .ARM.Collect$$_printf_percent$$00000014  c_p.l(_printf_s.o)
    0x0000010a   0x0000010a   0x00000004   Code   RO          218    .ARM.Collect$$_printf_percent$$00000017  c_p.l(_printf_percent_end.o)
    0x0000010e   0x0000010e   0x00000002   Code   RO          256    .ARM.Collect$$libinit$$00000000  c_p.l(libinit.o)
    0x00000110   0x00000110   0x00000000   Code   RO          270    .ARM.Collect$$libinit$$00000002  c_p.l(libinit2.o)
    0x00000110   0x00000110   0x00000000   Code   RO          272    .ARM.Collect$$libinit$$00000004  c_p.l(libinit2.o)
    0x00000110   0x00000110   0x00000000   Code   RO          275    .ARM.Collect$$libinit$$0000000A  c_p.l(libinit2.o)
    0x00000110   0x00000110   0x00000000   Code   RO          277    .ARM.Collect$$libinit$$0000000C  c_p.l(libinit2.o)
    0x00000110   0x00000110   0x00000000   Code   RO          279    .ARM.Collect$$libinit$$0000000E  c_p.l(libinit2.o)
    0x00000110   0x00000110   0x00000000   Code   RO          282    .ARM.Collect$$libinit$$00000011  c_p.l(libinit2.o)
    0x00000110   0x00000110   0x00000000   Code   RO          284    .ARM.Collect$$libinit$$00000013  c_p.l(libinit2.o)
    0x00000110   0x00000110   0x00000000   Code   RO          286    .ARM.Collect$$libinit$$00000015  c_p.l(libinit2.o)
    0x00000110   0x00000110   0x00000000   Code   RO          288    .ARM.Collect$$libinit$$00000017  c_p.l(libinit2.o)
    0x00000110   0x00000110   0x00000000   Code   RO          290    .ARM.Collect$$libinit$$00000019  c_p.l(libinit2.o)
    0x00000110   0x00000110   0x00000000   Code   RO          292    .ARM.Collect$$libinit$$0000001B  c_p.l(libinit2.o)
    0x00000110   0x00000110   0x00000000   Code   RO          294    .ARM.Collect$$libinit$$0000001D  c_p.l(libinit2.o)
    0x00000110   0x00000110   0x00000000   Code   RO          296    .ARM.Collect$$libinit$$0000001F  c_p.l(libinit2.o)
    0x00000110   0x00000110   0x00000000   Code   RO          298    .ARM.Collect$$libinit$$00000021  c_p.l(libinit2.o)
    0x00000110   0x00000110   0x00000000   Code   RO          300    .ARM.Collect$$libinit$$00000023  c_p.l(libinit2.o)
    0x00000110   0x00000110   0x00000000   Code   RO          302    .ARM.Collect$$libinit$$00000025  c_p.l(libinit2.o)
    0x00000110   0x00000110   0x00000000   Code   RO          306    .ARM.Collect$$libinit$$0000002C  c_p.l(libinit2.o)
    0x00000110   0x00000110   0x00000000   Code   RO          308    .ARM.Collect$$libinit$$0000002E  c_p.l(libinit2.o)
    0x00000110   0x00000110   0x00000000   Code   RO          310    .ARM.Collect$$libinit$$00000030  c_p.l(libinit2.o)
    0x00000110   0x00000110   0x00000000   Code   RO          312    .ARM.Collect$$libinit$$00000032  c_p.l(libinit2.o)
    0x00000110   0x00000110   0x00000002   Code   RO          313    .ARM.Collect$$libinit$$00000033  c_p.l(libinit2.o)
    0x00000112   0x00000112   0x00000002   Code   RO          337    .ARM.Collect$$libshutdown$$00000000  c_p.l(libshutdown.o)
    0x00000114   0x00000114   0x00000000   Code   RO          363    .ARM.Collect$$libshutdown$$00000002  c_p.l(libshutdown2.o)
    0x00000114   0x00000114   0x00000000   Code   RO          365    .ARM.Collect$$libshutdown$$00000004  c_p.l(libshutdown2.o)
    0x00000114   0x00000114   0x00000000   Code   RO          367    .ARM.Collect$$libshutdown$$00000006  c_p.l(libshutdown2.o)
    0x00000114   0x00000114   0x00000000   Code   RO          370    .ARM.Collect$$libshutdown$$00000009  c_p.l(libshutdown2.o)
    0x00000114   0x00000114   0x00000000   Code   RO          373    .ARM.Collect$$libshutdown$$0000000C  c_p.l(libshutdown2.o)
    0x00000114   0x00000114   0x00000000   Code   RO          375    .ARM.Collect$$libshutdown$$0000000E  c_p.l(libshutdown2.o)
    0x00000114   0x00000114   0x00000000   Code   RO          378    .ARM.Collect$$libshutdown$$00000011  c_p.l(libshutdown2.o)
    0x00000114   0x00000114   0x00000002   Code   RO          379    .ARM.Collect$$libshutdown$$00000012  c_p.l(libshutdown2.o)
    0x00000116   0x00000116   0x00000000   Code   RO          207    .ARM.Collect$$rtentry$$00000000  c_p.l(__rtentry.o)
    0x00000116   0x00000116   0x00000000   Code   RO          222    .ARM.Collect$$rtentry$$00000002  c_p.l(__rtentry2.o)
    0x00000116   0x00000116   0x00000006   Code   RO          234    .ARM.Collect$$rtentry$$00000004  c_p.l(__rtentry4.o)
    0x0000011c   0x0000011c   0x00000000   Code   RO          224    .ARM.Collect$$rtentry$$00000009  c_p.l(__rtentry2.o)
    0x0000011c   0x0000011c   0x00000004   Code   RO          225    .ARM.Collect$$rtentry$$0000000A  c_p.l(__rtentry2.o)
    0x00000120   0x00000120   0x00000000   Code   RO          227    .ARM.Collect$$rtentry$$0000000C  c_p.l(__rtentry2.o)
    0x00000120   0x00000120   0x00000008   Code   RO          228    .ARM.Collect$$rtentry$$0000000D  c_p.l(__rtentry2.o)
    0x00000128   0x00000128   0x00000002   Code   RO          261    .ARM.Collect$$rtexit$$00000000  c_p.l(rtexit.o)
    0x0000012a   0x0000012a   0x00000000   Code   RO          315    .ARM.Collect$$rtexit$$00000002  c_p.l(rtexit2.o)
    0x0000012a   0x0000012a   0x00000004   Code   RO          316    .ARM.Collect$$rtexit$$00000003  c_p.l(rtexit2.o)
    0x0000012e   0x0000012e   0x00000006   Code   RO          317    .ARM.Collect$$rtexit$$00000004  c_p.l(rtexit2.o)
    0x00000134   0x00000134   0x00000060   Code   RO            3    .text               retarget.o
    0x00000194   0x00000194   0x000001b8   Code   RO           63    .text               edk_api.o
    0x0000034c   0x0000034c   0x000000a8   Code   RO           91    .text               wells version edk_driver.o
    0x000003f4   0x000003f4   0x0000003c   Code   RO          126  * .text               cm0dsasm_multiple_inputs_gpio.o
    0x00000430   0x00000430   0x00000bec   Code   RO          132    .text               main_uart_with_pause_multiple_switches.o
    0x0000101c   0x0000101c   0x00000002   Code   RO          162    .text               c_p.l(use_no_semi.o)
    0x0000101e   0x0000101e   0x00000002   PAD
    0x00001020   0x00001020   0x0000001c   Code   RO          166    .text               c_p.l(noretval__2printf.o)
    0x0000103c   0x0000103c   0x0000006c   Code   RO          168    .text               c_p.l(__printf.o)
    0x000010a8   0x000010a8   0x00000052   Code   RO          170    .text               c_p.l(_printf_str.o)
    0x000010fa   0x000010fa   0x00000002   PAD
    0x000010fc   0x000010fc   0x0000006c   Code   RO          172    .text               c_p.l(_printf_dec.o)
    0x00001168   0x00001168   0x0000015a   Code   RO          199    .text               c_p.l(aeabi_sdiv.o)
    0x000012c2   0x000012c2   0x00000006   Code   RO          203    .text               c_p.l(heapauxi.o)
    0x000012c8   0x000012c8   0x000000b0   Code   RO          212    .text               c_p.l(_printf_intcommon.o)
    0x00001378   0x00001378   0x0000002e   Code   RO          214    .text               c_p.l(_printf_char.o)
    0x000013a6   0x000013a6   0x00000002   PAD
    0x000013a8   0x000013a8   0x00000028   Code   RO          216    .text               c_p.l(_printf_char_file.o)
    0x000013d0   0x000013d0   0x00000028   Code   RO          219    .text               c_p.l(rtudiv10.o)
    0x000013f8   0x000013f8   0x00000030   Code   RO          238    .text               c_p.l(_printf_char_common.o)
    0x00001428   0x00001428   0x0000003e   Code   RO          240    .text               c_p.l(sys_stackheap_outer.o)
    0x00001466   0x00001466   0x00000010   Code   RO          245    .text               c_p.l(exit.o)
    0x00001476   0x00001476   0x00000002   PAD
    0x00001478   0x00001478   0x00000008   Code   RO          257    .text               c_p.l(libspace.o)
    0x00001480   0x00001480   0x00000010   Data   RO          381    Region$$Table       anon$$obj.o


    Execution Region ER_RW (Exec base: 0x00001490, Load base: 0x00001490, Size: 0x00000060, Max: 0xffffffff, ABSOLUTE)

    Exec Addr    Load Addr    Size         Type   Attr      Idx    E Section Name        Object

    0x00001490   0x00001490   0x0000000c   Data   RW            4    .data               retarget.o
    0x0000149c   0x0000149c   0x00000004   Data   RW           64    .data               edk_api.o
    0x000014a0   0x000014a0   0x0000004d   Data   RW          134    .data               main_uart_with_pause_multiple_switches.o


    Execution Region ER_ZI (Exec base: 0x000014f0, Load base: 0x000014f0, Size: 0x00000960, Max: 0xffffffff, ABSOLUTE)

    Exec Addr    Load Addr    Size         Type   Attr      Idx    E Section Name        Object

    0x000014f0        -       0x000000f5   Zero   RW          133    .bss                main_uart_with_pause_multiple_switches.o
    0x000015e5   0x000014f0   0x00000003   PAD
    0x000015e8        -       0x00000060   Zero   RW          258    .bss                c_p.l(libspace.o)
    0x00001648   0x000014f0   0x00000008   PAD
    0x00001650        -       0x00000400   Zero   RW          124    HEAP                cm0dsasm_multiple_inputs_gpio.o
    0x00001a50        -       0x00000400   Zero   RW          123    STACK               cm0dsasm_multiple_inputs_gpio.o


==============================================================================

Image component sizes


      Code (inc. data)   RO Data    RW Data    ZI Data      Debug   Object Name

        60         22        128          0       2048        540   cm0dsasm_multiple_inputs_gpio.o
       440         26          0          4          0       2443   edk_api.o
      3052        860          0         77        245      13331   main_uart_with_pause_multiple_switches.o
        96          0          0         12          0       8886   retarget.o
       168          6          0          0          0       2654   wells version edk_driver.o

    ----------------------------------------------------------------------
      3816        914        144         96       2296      27854   Object Totals
         0          0         16          0          0          0   (incl. Generated)
         0          0          0          3          3          0   (incl. Padding)

    ----------------------------------------------------------------------

      Code (inc. data)   RO Data    RW Data    ZI Data      Debug   Library Member Name

         8          0          0          0          0         68   __main.o
       108          0          0          0          0         76   __printf.o
         0          0          0          0          0          0   __rtentry.o
        12          0          0          0          0          0   __rtentry2.o
         6          0          0          0          0          0   __rtentry4.o
        60          8          0          0          0          0   __scatter.o
        28          0          0          0          0          0   __scatter_zi.o
        10          0          0          0          0          0   _printf_c.o
        46          0          0          0          0        100   _printf_char.o
        48          6          0          0          0         88   _printf_char_common.o
        40          6          0          0          0         72   _printf_char_file.o
        10          0          0          0          0          0   _printf_d.o
       108         18          0          0          0         76   _printf_dec.o
       176          0          0          0          0         84   _printf_intcommon.o
         2          0          0          0          0          0   _printf_percent.o
         4          0          0          0          0          0   _printf_percent_end.o
        10          0          0          0          0          0   _printf_s.o
        82          0          0          0          0         72   _printf_str.o
        10          0          0          0          0          0   _printf_u.o
       346          0          0          0          0         92   aeabi_sdiv.o
        16          0          0          0          0         68   exit.o
         6          0          0          0          0        136   heapauxi.o
         2          0          0          0          0          0   libinit.o
         2          0          0          0          0          0   libinit2.o
         2          0          0          0          0          0   libshutdown.o
         2          0          0          0          0          0   libshutdown2.o
         8          4          0          0         96         68   libspace.o
        28          6          0          0          0         84   noretval__2printf.o
         2          0          0          0          0          0   rtexit.o
        10          0          0          0          0          0   rtexit2.o
        40          0          0          0          0         60   rtudiv10.o
        62          0          0          0          0         80   sys_stackheap_outer.o
         2          0          0          0          0         68   use_no_semi.o

    ----------------------------------------------------------------------
      1304         48          0          0        104       1292   Library Totals
         8          0          0          0          8          0   (incl. Padding)

    ----------------------------------------------------------------------

      Code (inc. data)   RO Data    RW Data    ZI Data      Debug   Library Name

      1296         48          0          0         96       1292   c_p.l

    ----------------------------------------------------------------------
      1304         48          0          0        104       1292   Library Totals

    ----------------------------------------------------------------------

==============================================================================


      Code (inc. data)   RO Data    RW Data    ZI Data      Debug   

      5120        962        144         96       2400      28230   Grand Totals
      5120        962        144         96       2400      28230   ELF Image Totals
      5120        962        144         96          0          0   ROM Totals

==============================================================================

    Total RO  Size (Code + RO Data)                 5264 (   5.14kB)
    Total RW  Size (RW Data + ZI Data)              2496 (   2.44kB)
    Total ROM Size (Code + RO Data + RW Data)       5360 (   5.23kB)

==============================================================================

